Component: ARM Compiler 5.06 update 1 (build 61) Tool: armlink [4d35a8]

==============================================================================

Section Cross References

    main.o(i.advertising_start) refers to nrf_log_frontend.o(i.nrf_log_frontend_std_0) for nrf_log_frontend_std_0
    main.o(i.advertising_start) refers to peer_manager.o(i.pm_peers_delete) for pm_peers_delete
    main.o(i.advertising_start) refers to ble_advertising.o(i.ble_advertising_start) for ble_advertising_start
    main.o(i.advertising_start) refers to app_error.o(i.app_error_handler_bare) for app_error_handler_bare
    main.o(i.advertising_start) refers to nrf_log_frontend.o(log_const_data) for m_nrf_log_app_logs_data_const
    main.o(i.advertising_start) refers to main.o(.bss) for .bss
    main.o(i.assert_nrf_callback) refers to app_error_handler_keil.o(.emb_text) for app_error_handler
    main.o(i.ble_evt_handler) refers to nrf_log_frontend.o(i.nrf_log_frontend_std_0) for nrf_log_frontend_std_0
    main.o(i.ble_evt_handler) refers to bsp.o(i.bsp_indication_set) for bsp_indication_set
    main.o(i.ble_evt_handler) refers to app_error.o(i.app_error_handler_bare) for app_error_handler_bare
    main.o(i.ble_evt_handler) refers to nrf_ble_qwr.o(i.nrf_ble_qwr_conn_handle_assign) for nrf_ble_qwr_conn_handle_assign
    main.o(i.ble_evt_handler) refers to nrf_log_frontend.o(log_const_data) for m_nrf_log_app_logs_data_const
    main.o(i.ble_evt_handler) refers to main.o(.data) for .data
    main.o(i.ble_evt_handler) refers to main.o(.bss) for .bss
    main.o(i.bsp_event_handler) refers to main.o(i.sleep_mode_enter) for sleep_mode_enter
    main.o(i.bsp_event_handler) refers to app_error.o(i.app_error_handler_bare) for app_error_handler_bare
    main.o(i.bsp_event_handler) refers to ble_advertising.o(i.ble_advertising_restart_without_whitelist) for ble_advertising_restart_without_whitelist
    main.o(i.bsp_event_handler) refers to main.o(.data) for .data
    main.o(i.bsp_event_handler) refers to main.o(.bss) for .bss
    main.o(i.conn_params_error_handler) refers to app_error.o(i.app_error_handler_bare) for app_error_handler_bare
    main.o(i.main) refers to nrf_log_frontend.o(i.nrf_log_init) for nrf_log_init
    main.o(i.main) refers to app_error.o(i.app_error_handler_bare) for app_error_handler_bare
    main.o(i.main) refers to nrf_log_default_backends.o(i.nrf_log_default_backends_init) for nrf_log_default_backends_init
    main.o(i.main) refers to app_timer2.o(i.app_timer_init) for app_timer_init
    main.o(i.main) refers to spi.o(i.user_spi_init) for user_spi_init
    main.o(i.main) refers to bsp.o(i.bsp_init) for bsp_init
    main.o(i.main) refers to bsp_btn_ble.o(i.bsp_btn_ble_init) for bsp_btn_ble_init
    main.o(i.main) refers to nrf_pwr_mgmt.o(i.nrf_pwr_mgmt_init) for nrf_pwr_mgmt_init
    main.o(i.main) refers to nrf_sdh.o(i.nrf_sdh_enable_request) for nrf_sdh_enable_request
    main.o(i.main) refers to nrf_sdh_ble.o(i.nrf_sdh_ble_default_cfg_set) for nrf_sdh_ble_default_cfg_set
    main.o(i.main) refers to nrf_sdh_ble.o(i.nrf_sdh_ble_enable) for nrf_sdh_ble_enable
    main.o(i.main) refers to nrf_ble_gatt.o(i.nrf_ble_gatt_init) for nrf_ble_gatt_init
    main.o(i.main) refers to memseta.o(.text) for __aeabi_memclr4
    main.o(i.main) refers to ble_advertising.o(i.ble_advertising_init) for ble_advertising_init
    main.o(i.main) refers to ble_advertising.o(i.ble_advertising_conn_cfg_tag_set) for ble_advertising_conn_cfg_tag_set
    main.o(i.main) refers to nrf_ble_qwr.o(i.nrf_ble_qwr_init) for nrf_ble_qwr_init
    main.o(i.main) refers to ble_conn_params.o(i.ble_conn_params_init) for ble_conn_params_init
    main.o(i.main) refers to main.o(i.peer_manager_init) for peer_manager_init
    main.o(i.main) refers to nrf_log_frontend.o(i.nrf_log_frontend_std_0) for nrf_log_frontend_std_0
    main.o(i.main) refers to main.o(i.advertising_start) for advertising_start
    main.o(i.main) refers to nrf_log_frontend.o(i.nrf_log_frontend_dequeue) for nrf_log_frontend_dequeue
    main.o(i.main) refers to nrf_pwr_mgmt.o(i.nrf_pwr_mgmt_run) for nrf_pwr_mgmt_run
    main.o(i.main) refers to main.o(i.bsp_event_handler) for bsp_event_handler
    main.o(i.main) refers to main.o(.bss) for .bss
    main.o(i.main) refers to main.o(.data) for .data
    main.o(i.main) refers to main.o(i.on_adv_evt) for on_adv_evt
    main.o(i.main) refers to main.o(i.nrf_qwr_error_handler) for nrf_qwr_error_handler
    main.o(i.main) refers to main.o(i.on_conn_params_evt) for on_conn_params_evt
    main.o(i.main) refers to main.o(i.conn_params_error_handler) for conn_params_error_handler
    main.o(i.main) refers to nrf_log_frontend.o(log_const_data) for m_nrf_log_app_logs_data_const
    main.o(i.nrf_qwr_error_handler) refers to app_error.o(i.app_error_handler_bare) for app_error_handler_bare
    main.o(i.on_adv_evt) refers to nrf_log_frontend.o(i.nrf_log_frontend_std_0) for nrf_log_frontend_std_0
[...]
    pm_pdb_evt_handler                       0x0002e529   Thumb Code   276  peer_manager.o(i.pm_pdb_evt_handler)
    pm_peer_delete                           0x0002e641   Thumb Code    14  peer_manager.o(i.pm_peer_delete)
    pm_peer_rank_highest                     0x0002e655   Thumb Code   204  peer_manager.o(i.pm_peer_rank_highest)
    pm_peer_ranks_get                        0x0002e771   Thumb Code   216  peer_manager.o(i.pm_peer_ranks_get)
    pm_peers_delete                          0x0002e859   Thumb Code   126  peer_manager.o(i.pm_peers_delete)
    pm_register                              0x0002e8ed   Thumb Code    34  peer_manager.o(i.pm_register)
    pm_sec_params_set                        0x0002e919   Thumb Code    14  peer_manager.o(i.pm_sec_params_set)
    pm_sm_evt_handler                        0x0002e92d   Thumb Code    10  peer_manager.o(i.pm_sm_evt_handler)
    sm_ble_evt_handler                       0x0002f95d   Thumb Code    32  security_manager.o(i.sm_ble_evt_handler)
    sm_conn_sec_status_get                   0x0002f989   Thumb Code   162  security_manager.o(i.sm_conn_sec_status_get)
    sm_init                                  0x0002fa2d   Thumb Code    72  security_manager.o(i.sm_init)
    sm_link_secure                           0x0002fa85   Thumb Code    10  security_manager.o(i.sm_link_secure)
    sm_pdb_evt_handler                       0x0002fa91   Thumb Code    56  security_manager.o(i.sm_pdb_evt_handler)
    sm_sec_is_sufficient                     0x0002fad5   Thumb Code    36  security_manager.o(i.sm_sec_is_sufficient)
    sm_sec_params_set                        0x0002fafd   Thumb Code    46  security_manager.o(i.sm_sec_params_set)
    sm_smd_evt_handler                       0x0002fb31   Thumb Code    44  security_manager.o(i.sm_smd_evt_handler)
    smd_ble_evt_handler                      0x0002fb5d   Thumb Code   234  security_dispatcher.o(i.smd_ble_evt_handler)
    smd_init                                 0x0002fc51   Thumb Code    88  security_dispatcher.o(i.smd_init)
    smd_link_secure                          0x0002fcb9   Thumb Code    40  security_dispatcher.o(i.smd_link_secure)
    smd_params_reply                         0x0002fce1   Thumb Code   162  security_dispatcher.o(i.smd_params_reply)
    spi_event_handler                        0x0002fe89   Thumb Code     8  spi.o(i.spi_event_handler)
    store_car_value                          0x0002ff91   Thumb Code    88  gatt_cache_manager.o(i.store_car_value)
    user_spi_init                            0x00030629   Thumb Code    58  spi.o(i.user_spi_init)
    write_buf_store                          0x000307e9   Thumb Code   202  peer_database.o(i.write_buf_store)
    nrf_fstorage_sd                          0x00030ee0   Data          32  nrf_fstorage_sd.o(.constdata)
    nrf_log_backend_rtt_api                  0x00031060   Data          12  nrf_log_backend_rtt.o(.constdata)
    nrf_log_backend_uart_api                 0x00031078   Data          12  nrf_log_backend_uart.o(.constdata)
    m_ram_start                              0x00031128   Data           4  nrf_sdh_ble.o(.constdata)
    __ctype_table                            0x00031174   Data         129  ctype_o.o(.constdata)
    Region$$Table$$Base                      0x000327bc   Number         0  anon$$obj.o(Region$$Table)
    Region$$Table$$Limit                     0x000327dc   Number         0  anon$$obj.o(Region$$Table)
    log_const_data$$Base                     0x000327fc   Number         0  gatt_cache_manager.o(log_const_data)
    m_nrf_log_peer_manager_gcm_logs_data_const 0x000327fc   Data           8  gatt_cache_manager.o(log_const_data)
    m_nrf_log_peer_manager_gscm_logs_data_const 0x00032804   Data           8  gatts_cache_manager.o(log_const_data)
    m_nrf_log_peer_manager_im_logs_data_const 0x0003280c   Data           8  id_manager.o(log_const_data)
    m_nrf_log_nrf_ble_gatt_logs_data_const   0x00032814   Data           8  nrf_ble_gatt.o(log_const_data)
    m_nrf_log_peer_manager_pds_logs_data_const 0x0003281c   Data           8  peer_data_storage.o(log_const_data)
    m_nrf_log_peer_manager_pdb_logs_data_const 0x00032824   Data           8  peer_database.o(log_const_data)
    m_nrf_log_peer_manager_logs_data_const   0x0003282c   Data           8  peer_manager.o(log_const_data)
    m_nrf_log_peer_manager_handler_logs_data_const 0x00032834   Data           8  peer_manager_handler.o(log_const_data)
    m_nrf_log_peer_manager_smd_logs_data_const 0x0003283c   Data           8  security_dispatcher.o(log_const_data)
    m_nrf_log_peer_manager_sm_logs_data_const 0x00032844   Data           8  security_manager.o(log_const_data)
    m_nrf_log_clock_logs_data_const          0x0003284c   Data           8  nrf_drv_clock.o(log_const_data)
    m_nrf_log_CLOCK_logs_data_const          0x00032854   Data           8  nrfx_clock.o(log_const_data)
    m_nrf_log_GPIOTE_logs_data_const         0x0003285c   Data           8  nrfx_gpiote.o(log_const_data)
    m_nrf_log_PRS_logs_data_const            0x00032864   Data           8  nrfx_prs.o(log_const_data)
    m_nrf_log_UART_logs_data_const           0x0003286c   Data           8  nrfx_uart.o(log_const_data)
    m_nrf_log_UARTE_logs_data_const          0x00032874   Data           8  nrfx_uarte.o(log_const_data)
    m_nrf_log_SPIM_logs_data_const           0x0003287c   Data           8  nrfx_spim.o(log_const_data)
    m_nrf_log_app_button_logs_data_const     0x00032884   Data           8  app_button.o(log_const_data)
    m_nrf_log_app_timer_logs_data_const      0x0003288c   Data           8  app_timer2.o(log_const_data)
    m_nrf_log_nrf_fstorage_logs_data_const   0x00032894   Data           8  nrf_fstorage.o(log_const_data)
    m_nrf_log_pwr_mgmt_logs_data_const       0x0003289c   Data           8  nrf_pwr_mgmt.o(log_const_data)
    m_nrf_log_sortlist_logs_data_const       0x000328a4   Data           8  nrf_sortlist.o(log_const_data)
    m_nrf_log_app_logs_data_const            0x000328ac   Data           8  nrf_log_frontend.o(log_const_data)
    m_nrf_log_nrf_sdh_logs_data_const        0x000328b4   Data           8  nrf_sdh.o(log_const_data)
    m_nrf_log_nrf_sdh_ble_logs_data_const    0x000328bc   Data           8  nrf_sdh_ble.o(log_const_data)
    m_nrf_log_nrf_sdh_soc_logs_data_const    0x000328c4   Data           8  nrf_sdh_soc.o(log_const_data)
    log_const_data$$Limit                    0x000328cc   Number         0  nrf_sdh_soc.o(log_const_data)
    log_mempool                              0x000328cc   Data          20  nrf_log_frontend.o(nrf_balloc)
    sdh_ble_observers0$$Base                 0x000328e0   Number         0  ble_conn_state.o(sdh_ble_observers0)
    sdh_ble_observers0$$Limit                0x000328e8   Number         0  ble_conn_state.o(sdh_ble_observers0)
    sdh_ble_observers1$$Base                 0x000328e8   Number         0  main.o(sdh_ble_observers1)
    sdh_ble_observers1$$Limit                0x00032910   Number         0  peer_manager.o(sdh_ble_observers1)
    sdh_ble_observers2$$Base                 0x00032910   Number         0  main.o(sdh_ble_observers2)
    sdh_ble_observers2$$Limit                0x00032918   Number         0  main.o(sdh_ble_observers2)
    sdh_ble_observers3$$Base                 0x00032918   Number         0  main.o(sdh_ble_observers3)
    m_req_obs                                0x00032920   Data           8  nrf_fstorage_sd.o(sdh_req_observers0)
    sdh_ble_observers3$$Limit                0x00032920   Number         0  main.o(sdh_ble_observers3)
    sdh_req_observers0$$Base                 0x00032920   Number         0  nrf_fstorage_sd.o(sdh_req_observers0)
    sdh_req_observers0$$Limit                0x00032928   Number         0  nrf_fstorage_sd.o(sdh_req_observers0)
    sdh_soc_observers0$$Base                 0x00032928   Number         0  nrf_drv_clock.o(sdh_soc_observers0)
    sdh_soc_observers0$$Limit                0x00032938   Number         0  nrf_fstorage_sd.o(sdh_soc_observers0)
    sdh_stack_observers0$$Base               0x00032938   Number         0  nrf_sdh_ble.o(sdh_stack_observers0)
    sdh_stack_observers0$$Limit              0x00032948   Number         0  nrf_sdh_soc.o(sdh_stack_observers0)
    sdh_state_observers0$$Base               0x00032948   Number         0  nrf_drv_clock.o(sdh_state_observers0)
    sdh_state_observers0$$Limit              0x00032958   Number         0  nrf_fstorage_sd.o(sdh_state_observers0)
    Image$$RW_IRAM1$$Base                    0x20002250   Number         0  anon$$obj.o ABSOLUTE
    nrf_drv_uart_use_easy_dma                0x20002338   Data           1  nrf_drv_uart.o(.data)
    m_uart                                   0x200023e8   Data          20  nrf_log_backend_uart.o(.data)
    SystemCoreClock                          0x20002468   Data           4  system_nrf52.o(.data)
    fs_data$$Base                            0x2000246c   Number         0  fds.o(fs_data)
    m_fs                                     0x2000246c   Data          20  fds.o(fs_data)
    fs_data$$Limit                           0x20002480   Number         0  fds.o(fs_data)
    nrf_nvic_state                           0x20002e90   Data          12  app_util_platform.o(.bss)
    _SEGGER_RTT                              0x20003640   Data         120  segger_rtt.o(.bss)
    __initial_sp                             0x200058c8   Data           0  arm_startup_nrf52.o(STACK)



==============================================================================

Memory Map of the image

  Image Entry point : 0x00026201

  Load Region LR_IROM1 (Base: 0x00026000, Size: 0x0000cb88, Max: 0x0005a000, ABSOLUTE, COMPRESSED[0x0000c9f4])

    Execution Region ER_IROM1 (Base: 0x00026000, Size: 0x0000c958, Max: 0x0005a000, ABSOLUTE)

    Base Addr    Size         Type   Attr      Idx    E Section Name        Object

    0x00026000   0x00000200   Data   RO         7411    RESET               arm_startup_nrf52.o
    0x00026200   0x00000000   Code   RO         7467  * .ARM.Collect$$$$00000000  mc_w.l(entry.o)
    0x00026200   0x00000004   Code   RO         7521    .ARM.Collect$$$$00000001  mc_w.l(entry2.o)
    0x00026204   0x00000004   Code   RO         7524    .ARM.Collect$$$$00000004  mc_w.l(entry5.o)
    0x00026208   0x00000000   Code   RO         7526    .ARM.Collect$$$$00000008  mc_w.l(entry7b.o)
    0x00026208   0x00000000   Code   RO         7528    .ARM.Collect$$$$0000000A  mc_w.l(entry8b.o)
    0x00026208   0x00000008   Code   RO         7529    .ARM.Collect$$$$0000000B  mc_w.l(entry9a.o)
    0x00026210   0x00000000   Code   RO         7531    .ARM.Collect$$$$0000000D  mc_w.l(entry10a.o)
    0x00026210   0x00000000   Code   RO         7533    .ARM.Collect$$$$0000000F  mc_w.l(entry11a.o)
    0x00026210   0x00000004   Code   RO         7522    .ARM.Collect$$$$00002712  mc_w.l(entry2.o)
    0x00026214   0x000000c8   Code   RO         5368    .emb_text           nrf_atfifo.o
    0x000262dc   0x000000e2   Code   RO         5504    .emb_text           nrf_atomic.o
    0x000263be   0x00000002   PAD
    0x000263c0   0x00000024   Code   RO         7412    .text               arm_startup_nrf52.o
    0x000263e4   0x00000062   Code   RO         7475    .text               mc_w.l(uldiv.o)
    0x00026446   0x0000001e   Code   RO         7477    .text               mc_w.l(llshl.o)
    0x00026464   0x00000008   Code   RO         7479    .text               mc_w.l(ctype_o.o)
    0x0002646c   0x00000024   Code   RO         7507    .text               mc_w.l(memcpya.o)
    0x00026490   0x00000024   Code   RO         7509    .text               mc_w.l(memseta.o)
    0x000264b4   0x0000000e   Code   RO         7511    .text               mc_w.l(strlen.o)
    0x000264c2   0x0000001a   Code   RO         7515    .text               mc_w.l(memcmp.o)
    0x000264dc   0x00000012   Code   RO         7517    .text               mc_w.l(strcpy.o)
    0x000264ee   0x00000020   Code   RO         7536    .text               mc_w.l(llushr.o)
    0x0002650e   0x00000002   PAD
    0x00026510   0x00000024   Code   RO         7539    .text               mc_w.l(init.o)
    0x00026534   0x00000056   Code   RO         7549    .text               mc_w.l(__dczerorl2.o)
    0x0002658a   0x00000002   PAD
    0x0002658c   0x000000a4   Code   RO         3456    i.GPIOTE_IRQHandler  nrfx_gpiote.o
    0x00026630   0x00000058   Code   RO         3317    i.POWER_CLOCK_IRQHandler  nrfx_clock.o
    0x00026688   0x00000010   Code   RO         4832    i.RTC1_IRQHandler   drv_rtc.o
    0x00026698   0x00000004   Code   RO         6782    i.SEGGER_RTT_Init   segger_rtt.o
    0x0002669c   0x0000005c   Code   RO         6796    i.SEGGER_RTT_WriteNoLock  segger_rtt.o
    0x000266f8   0x00000054   Code   RO         4225    i.SPIM0_SPIS0_TWIM0_TWIS0_SPI0_TWI0_IRQHandler  nrfx_spim.o
    0x0002674c   0x00000004   Code   RO         7130    i.SWI2_EGU2_IRQHandler  nrf_sdh.o
    0x00026750   0x00000328   Code   RO         7420    i.SystemInit        system_nrf52.o
    0x00026a78   0x0000000c   Code   RO         3761    i.UARTE0_UART0_IRQHandler  nrfx_prs.o
    0x00026a84   0x00000068   Code   RO         6800    i._DoInit           segger_rtt.o
    0x00026aec   0x00000016   Code   RO         6801    i._GetAvailWriteSpace  segger_rtt.o
    0x00026b02   0x0000005a   Code   RO         6803    i._WriteBlocking    segger_rtt.o
    0x00026b5c   0x00000042   Code   RO         6804    i._WriteNoCheck     segger_rtt.o
    0x00026b9e   0x0000000e   Code   RO         7543    i.__scatterload_copy  mc_w.l(handlers.o)
    0x00026bac   0x00000002   Code   RO         7544    i.__scatterload_null  mc_w.l(handlers.o)
    0x00026bae   0x0000000e   Code   RO         7545    i.__scatterload_zeroinit  mc_w.l(handlers.o)
    0x00026bbc   0x00000024   Code   RO         7131    i.__sd_nvic_app_accessible_irq  nrf_sdh.o
    0x00026be0   0x0000013c   Code   RO         2512    i._conn_secure      peer_manager_handler.o
    0x00026d1c   0x00000026   Code   RO         1542    i.addr_compare      id_manager.o
    0x00026d42   0x0000000c   Code   RO         5756    i.addr_is_aligned32  nrf_fstorage.o
    0x00026d4e   0x00000018   Code   RO         5757    i.addr_is_within_bounds  nrf_fstorage.o
    0x00026d66   0x00000010   Code   RO          883    i.adv_set_data_size_max_get  ble_advertising.o
    0x00026d76   0x00000036   Code   RO          649    i.advertising_buttons_configure  bsp_btn_ble.o
    0x00026dac   0x00000050   Code   RO            4    i.advertising_start  main.o
    0x00026dfc   0x00000052   Code   RO         1543    i.ah                id_manager.o
    0x00026e4e   0x00000006   Code   RO          532    i.alert_timer_handler  bsp.o
    0x00026e54   0x0000000c   Code   RO         2656    i.allow_repairing   security_dispatcher.o
    0x00026e60   0x00000024   Code   RO         4343    i.app_button_enable  app_button.o
    0x00026e84   0x00000080   Code   RO         4344    i.app_button_init   app_button.o
    0x00026f04   0x00000084   Code   RO         4501    i.app_error_fault_handler  app_error_weak.o
    0x00026f88   0x00000016   Code   RO         4441    i.app_error_handler_bare  app_error.o
    0x00026f9e   0x00000002   PAD
    0x00026fa0   0x0000000c   Code   RO         4596    i.app_timer_cnt_get  app_timer2.o
    0x00026fac   0x00000016   Code   RO         4597    i.app_timer_create  app_timer2.o
    0x00026fc2   0x00000002   PAD
    0x00026fc4   0x0000005c   Code   RO         4598    i.app_timer_init    app_timer2.o
    0x00027020   0x00000030   Code   RO         4601    i.app_timer_start   app_timer2.o
    0x00027050   0x0000000c   Code   RO         4602    i.app_timer_stop    app_timer2.o
    0x0002705c   0x00000048   Code   RO         4737    i.app_util_critical_region_enter  app_util_platform.o
    0x000270a4   0x00000034   Code   RO         4738    i.app_util_critical_region_exit  app_util_platform.o
    0x000270d8   0x00000088   Code   RO         3815    i.apply_config      nrfx_uart.o
    0x00027160   0x00000088   Code   RO         4003    i.apply_config      nrfx_uarte.o
    0x000271e8   0x00000004   Code   RO         1281    i.apply_pending_handle  gatt_cache_manager.o
    0x000271ec   0x00000180   Code   RO         2657    i.auth_status_success_process  security_dispatcher.o
    0x0002736c   0x00000182   Code   RO          777    i.ble_advdata_encode  ble_advdata.o
    0x000274ee   0x00000020   Code   RO          779    i.ble_advdata_parse  ble_advdata.o
    0x0002750e   0x00000046   Code   RO          780    i.ble_advdata_search  ble_advdata.o
    0x00027554   0x00000006   Code   RO          885    i.ble_advertising_conn_cfg_tag_set  ble_advertising.o
    0x0002755a   0x000000f8   Code   RO          886    i.ble_advertising_init  ble_advertising.o
    0x00027652   0x0000006a   Code   RO          888    i.ble_advertising_on_ble_evt  ble_advertising.o
    0x000276bc   0x0000003a   Code   RO          890    i.ble_advertising_restart_without_whitelist  ble_advertising.o
    0x000276f6   0x00000230   Code   RO          891    i.ble_advertising_start  ble_advertising.o
    0x00027926   0x00000002   PAD
    0x00027928   0x00000068   Code   RO          976    i.ble_conn_params_init  ble_conn_params.o
    0x00027990   0x00000020   Code   RO         1052    i.ble_conn_state_encrypted  ble_conn_state.o
    0x000279b0   0x0000002c   Code   RO         1054    i.ble_conn_state_for_each_set_user_flag  ble_conn_state.o
    0x000279dc   0x00000020   Code   RO         1056    i.ble_conn_state_lesc  ble_conn_state.o
    0x000279fc   0x00000020   Code   RO         1057    i.ble_conn_state_mitm_protected  ble_conn_state.o
    0x00027a1c   0x00000024   Code   RO         1060    i.ble_conn_state_role  ble_conn_state.o
    0x00027a40   0x00000024   Code   RO         1061    i.ble_conn_state_status  ble_conn_state.o
    0x00027a64   0x00000018   Code   RO         1062    i.ble_conn_state_user_flag_acquire  ble_conn_state.o
    0x00027a7c   0x00000030   Code   RO         1063    i.ble_conn_state_user_flag_get  ble_conn_state.o
    0x00027aac   0x00000038   Code   RO         1064    i.ble_conn_state_user_flag_set  ble_conn_state.o
    0x00027ae4   0x00000014   Code   RO         1065    i.ble_conn_state_valid  ble_conn_state.o
    0x00027af8   0x00000060   Code   RO          783    i.ble_device_addr_encode  ble_advdata.o
    0x00027b58   0x000000b4   Code   RO            6    i.ble_evt_handler   main.o
    0x00027c0c   0x00000070   Code   RO          650    i.ble_evt_handler   bsp_btn_ble.o
    0x00027c7c   0x000000fc   Code   RO          978    i.ble_evt_handler   ble_conn_params.o
    0x00027d78   0x00000118   Code   RO         1066    i.ble_evt_handler   ble_conn_state.o
    0x00027e90   0x00000028   Code   RO         2206    i.ble_evt_handler   peer_manager.o
    0x00027eb8   0x00000008   Code   RO         1221    i.ble_srv_is_notification_enabled  ble_srv_common.o
    0x00027ec0   0x0000000c   Code   RO          419    i.bsp_board_button_idx_to_pin  boards.o
    0x00027ecc   0x00000020   Code   RO          420    i.bsp_board_button_state_get  boards.o
    0x00027eec   0x00000054   Code   RO          421    i.bsp_board_init    boards.o
    0x00027f40   0x00000024   Code   RO          423    i.bsp_board_led_invert  boards.o
    0x00027f64   0x00000010   Code   RO          424    i.bsp_board_led_off  boards.o
    0x00027f74   0x00000010   Code   RO          425    i.bsp_board_led_on  boards.o
    0x00027f84   0x00000020   Code   RO          426    i.bsp_board_led_state_get  boards.o
    0x00027fa4   0x00000012   Code   RO          427    i.bsp_board_leds_off  boards.o
    0x00027fb6   0x00000012   Code   RO          428    i.bsp_board_leds_on  boards.o
    0x00027fc8   0x00000024   Code   RO          429    i.bsp_board_pin_to_button_idx  boards.o
    0x00027fec   0x00000038   Code   RO          651    i.bsp_btn_ble_init  bsp_btn_ble.o
    0x00028024   0x0000001e   Code   RO          652    i.bsp_btn_ble_sleep_mode_prepare  bsp_btn_ble.o
    0x00028042   0x00000002   PAD
    0x00028044   0x00000090   Code   RO          533    i.bsp_button_event_handler  bsp.o
    0x000280d4   0x0000000c   Code   RO          534    i.bsp_button_is_pressed  bsp.o
    0x000280e0   0x0000004c   Code   RO            7    i.bsp_event_handler  main.o
    0x0002812c   0x00000044   Code   RO          537    i.bsp_event_to_button_action_assign  bsp.o
    0x00028170   0x00000018   Code   RO          538    i.bsp_indication_set  bsp.o
    0x00028188   0x00000094   Code   RO          539    i.bsp_init          bsp.o
    0x0002821c   0x000001c8   Code   RO          540    i.bsp_led_indication  bsp.o
    0x000283e4   0x00000006   Code   RO          542    i.bsp_wakeup_button_enable  bsp.o
    0x000283ea   0x00000002   PAD
    0x000283ec   0x00000094   Code   RO         6536    i.buf_prealloc      nrf_log_frontend.o
    0x00028480   0x0000002e   Code   RO         5716    i.buffer_add        nrf_fprintf_format.o
    0x000284ae   0x00000002   PAD
    0x000284b0   0x00000018   Code   RO         6537    i.buffer_is_empty   nrf_log_frontend.o
    0x000284c8   0x00000028   Code   RO         4346    i.button_get        app_button.o
    0x000284f0   0x00000008   Code   RO          543    i.button_timer_handler  bsp.o
    0x000284f8   0x00000028   Code   RO         1282    i.car_update_needed  gatt_cache_manager.o
    0x00028520   0x00000040   Code   RO         1283    i.car_update_pending_handle  gatt_cache_manager.o
    0x00028560   0x0000001c   Code   RO         3457    i.channel_free      nrfx_gpiote.o
    0x0002857c   0x00000048   Code   RO         3458    i.channel_port_alloc  nrfx_gpiote.o
    0x000285c4   0x00000010   Code   RO         3459    i.channel_port_get  nrfx_gpiote.o
    0x000285d4   0x0000003e   Code   RO         2116    i.claim             peer_id.o
    0x00028612   0x00000002   PAD
    0x00028614   0x00000028   Code   RO         2972    i.clock_clk_started_notify  nrf_drv_clock.o
    0x0002863c   0x0000001c   Code   RO         2973    i.clock_irq_handler  nrf_drv_clock.o
    0x00028658   0x00000018   Code   RO         4604    i.compare_func      app_timer2.o
    0x00028670   0x0000003e   Code   RO         1067    i.conn_handle_list_get  ble_conn_state.o
    0x000286ae   0x00000088   Code   RO          784    i.conn_int_encode   ble_advdata.o
    0x00028736   0x00000004   Code   RO            8    i.conn_params_error_handler  main.o
    0x0002873a   0x00000002   PAD
    0x0002873c   0x00000048   Code   RO          979    i.conn_params_negotiation  ble_conn_params.o
    0x00028784   0x00000044   Code   RO         2658    i.conn_sec_failure  security_dispatcher.o
    0x000287c8   0x00000004   Code   RO         2513    i.conn_secure       peer_manager_handler.o
    0x000287cc   0x000000c0   Code   RO         1711    i.data_length_update  nrf_ble_gatt.o
    0x0002888c   0x00000030   Code   RO         1284    i.db_update_pending_handle  gatt_cache_manager.o
    0x000288bc   0x0000008c   Code   RO         5001    i.delete_execute    fds.o
    0x00028948   0x00000048   Code   RO         4347    i.detection_delay_timeout_handler  app_button.o
    0x00028990   0x00000014   Code   RO         6538    i.dropped_sat16_get  nrf_log_frontend.o
    0x000289a4   0x00000014   Code   RO         4833    i.drv_rtc_compare_disable  drv_rtc.o
    0x000289b8   0x0000000e   Code   RO         4836    i.drv_rtc_compare_pending  drv_rtc.o
    0x000289c6   0x00000050   Code   RO         4837    i.drv_rtc_compare_set  drv_rtc.o
    0x00028a16   0x00000008   Code   RO         4838    i.drv_rtc_counter_get  drv_rtc.o
    0x00028a1e   0x00000002   PAD
    0x00028a20   0x000000d8   Code   RO         4839    i.drv_rtc_init      drv_rtc.o
    0x00028af8   0x0000001e   Code   RO         4840    i.drv_rtc_irq_trigger  drv_rtc.o
    0x00028b16   0x00000008   Code   RO         4842    i.drv_rtc_overflow_enable  drv_rtc.o
    0x00028b1e   0x00000008   Code   RO         4843    i.drv_rtc_overflow_pending  drv_rtc.o
    0x00028b26   0x00000008   Code   RO         4844    i.drv_rtc_start     drv_rtc.o
    0x00028b2e   0x00000008   Code   RO         4845    i.drv_rtc_stop      drv_rtc.o
    0x00028b36   0x000000de   Code   RO         4850    i.drv_rtc_windowed_compare_set  drv_rtc.o
    0x00028c14   0x0000000a   Code   RO         2659    i.encryption_failure  security_dispatcher.o
    0x00028c1e   0x00000002   PAD
    0x00028c20   0x0000004c   Code   RO         5843    i.erase             nrf_fstorage_sd.o
    0x00028c6c   0x00000074   Code   RO         5002    i.event_prepare     fds.o
    0x00028ce0   0x00000020   Code   RO         5003    i.event_send        fds.o
    0x00028d00   0x00000054   Code   RO         5844    i.event_send        nrf_fstorage_sd.o
    0x00028d54   0x00000098   Code   RO         2797    i.events_send_from_err_code  security_manager.o
    0x00028dec   0x00000012   Code   RO         4851    i.evt_enable        drv_rtc.o
    0x00028dfe   0x00000002   PAD
    0x00028e00   0x000000e0   Code   RO         4348    i.evt_handle        app_button.o
    0x00028ee0   0x00000014   Code   RO         4852    i.evt_pending       drv_rtc.o
    0x00028ef4   0x0000001c   Code   RO         1285    i.evt_send          gatt_cache_manager.o
    0x00028f10   0x0000001c   Code   RO         1447    i.evt_send          gatts_cache_manager.o
    0x00028f2c   0x0000002c   Code   RO         2207    i.evt_send          peer_manager.o
    0x00028f58   0x0000001c   Code   RO         2660    i.evt_send          security_dispatcher.o
    0x00028f74   0x0000000c   Code   RO         2798    i.evt_send          security_manager.o
    0x00028f80   0x000000e0   Code   RO         1854    i.fds_evt_handler   peer_data_storage.o
    0x00029060   0x00000048   Code   RO         5005    i.fds_file_delete   fds.o
    0x000290a8   0x00000040   Code   RO         5006    i.fds_gc            fds.o
    0x000290e8   0x000000e4   Code   RO         5007    i.fds_init          fds.o
    0x000291cc   0x00000048   Code   RO         5008    i.fds_record_close  fds.o
    0x00029214   0x0000000e   Code   RO         5010    i.fds_record_find   fds.o
    0x00029222   0x00000010   Code   RO         5011    i.fds_record_find_by_key  fds.o
    0x00029232   0x00000010   Code   RO         5012    i.fds_record_find_in_file  fds.o
    0x00029242   0x00000012   Code   RO         5013    i.fds_record_id_from_desc  fds.o
    0x00029254   0x0000004c   Code   RO         5015    i.fds_record_open   fds.o
    0x000292a0   0x00000010   Code   RO         5016    i.fds_record_update  fds.o
    0x000292b0   0x00000008   Code   RO         5017    i.fds_record_write  fds.o
    0x000292b8   0x00000030   Code   RO         5019    i.fds_register      fds.o
    0x000292e8   0x000000a0   Code   RO         5022    i.fds_stat          fds.o
    0x00029388   0x00000014   Code   RO         1855    i.file_id_within_pm_range  peer_data_storage.o
    0x0002939c   0x00000012   Code   RO         2661    i.flag_id_init      security_dispatcher.o
    0x000293ae   0x00000012   Code   RO         2799    i.flag_id_init      security_manager.o
    0x000293c0   0x0000000a   Code   RO         1068    i.flag_toggle       ble_conn_state.o
    0x000293ca   0x00000028   Code   RO          893    i.flags_set         ble_advertising.o
    0x000293f2   0x00000002   PAD
    0x000293f4   0x00000030   Code   RO         2800    i.flags_set_from_err_code  security_manager.o
    0x00029424   0x00000030   Code   RO         1069    i.for_each_set_flag  ble_conn_state.o
    0x00029454   0x00000006   Code   RO         5023    i.fs_event_handler  fds.o
    0x0002945a   0x00000002   PAD
    0x0002945c   0x00000078   Code   RO         5024    i.gc_execute        fds.o
    0x000294d4   0x0000004c   Code   RO         5025    i.gc_next_page      fds.o
    0x00029520   0x00000040   Code   RO         5026    i.gc_page_erase     fds.o
    0x00029560   0x00000034   Code   RO         5027    i.gc_record_copy    fds.o
    0x00029594   0x00000024   Code   RO         5028    i.gc_record_find_next  fds.o
    0x000295b8   0x00000070   Code   RO         5029    i.gc_state_advance  fds.o
    0x00029628   0x00000030   Code   RO         5030    i.gc_swap_pages     fds.o
    0x00029658   0x00000230   Code   RO         1286    i.gcm_ble_evt_handler  gatt_cache_manager.o
    0x00029888   0x0000003c   Code   RO         1287    i.gcm_im_evt_handler  gatt_cache_manager.o
    0x000298c4   0x00000094   Code   RO         1288    i.gcm_init          gatt_cache_manager.o
    0x00029958   0x00000088   Code   RO         1291    i.gcm_pdb_evt_handler  gatt_cache_manager.o
    0x000299e0   0x00000034   Code   RO         4605    i.get_now           app_timer2.o
    0x00029a14   0x0000003c   Code   RO         4349    i.gpiote_event_handler  app_button.o
    0x00029a50   0x0000001c   Code   RO         1448    i.gscm_db_change_notification_done  gatts_cache_manager.o
    0x00029a6c   0x00000014   Code   RO         1449    i.gscm_init         gatts_cache_manager.o
    0x00029a80   0x00000090   Code   RO         1451    i.gscm_local_db_cache_apply  gatts_cache_manager.o
    0x00029b10   0x000000ac   Code   RO         1452    i.gscm_local_db_cache_update  gatts_cache_manager.o
    0x00029bbc   0x00000018   Code   RO         1453    i.gscm_pdb_evt_handler  gatts_cache_manager.o
    0x00029bd4   0x0000001e   Code   RO         1454    i.gscm_service_changed_ind_needed  gatts_cache_manager.o
    0x00029bf2   0x00000002   PAD
    0x00029bf4   0x0000005c   Code   RO         1455    i.gscm_service_changed_ind_send  gatts_cache_manager.o
    0x00029c50   0x0000002c   Code   RO         5031    i.header_check      fds.o
    0x00029c7c   0x00000012   Code   RO         5032    i.header_has_next   fds.o
    0x00029c8e   0x00000046   Code   RO         1544    i.im_address_resolve  id_manager.o
    0x00029cd4   0x00000038   Code   RO         1545    i.im_ble_addr_get   id_manager.o
    0x00029d0c   0x000000dc   Code   RO         1546    i.im_ble_evt_handler  id_manager.o
    0x00029de8   0x00000040   Code   RO         1547    i.im_conn_handle_get  id_manager.o
    0x00029e28   0x00000038   Code   RO         1549    i.im_find_duplicate_bonding_data  id_manager.o
    0x00029e60   0x00000072   Code   RO         1552    i.im_is_duplicate_bonding_data  id_manager.o
    0x00029ed2   0x00000018   Code   RO         1553    i.im_master_id_is_valid  id_manager.o
    0x00029eea   0x0000002a   Code   RO         1554    i.im_master_ids_compare  id_manager.o
    0x00029f14   0x00000014   Code   RO         1555    i.im_new_peer_id    id_manager.o
    0x00029f28   0x0000002c   Code   RO         1556    i.im_peer_free      id_manager.o
    0x00029f54   0x00000024   Code   RO         1557    i.im_peer_id_get_by_conn_handle  id_manager.o
    0x00029f78   0x0000003c   Code   RO         1558    i.im_peer_id_get_by_master_id  id_manager.o
    0x00029fb4   0x00000034   Code   RO         5845    i.init              nrf_fstorage_sd.o
    0x00029fe8   0x000000c8   Code   RO         5033    i.init_execute      fds.o
    0x0002a0b0   0x00000014   Code   RO          980    i.instance_get      ble_conn_params.o
    0x0002a0c4   0x000000a6   Code   RO         5717    i.int_print         nrf_fprintf_format.o
    0x0002a16a   0x00000002   PAD
    0x0002a16c   0x00000088   Code   RO         4004    i.interrupts_enable  nrfx_uarte.o
    0x0002a1f4   0x00000034   Code   RO         6539    i.invalid_packets_omit  nrf_log_frontend.o
    0x0002a228   0x00000010   Code   RO         5846    i.is_busy           nrf_fstorage_sd.o
    0x0002a238   0x00000044   Code   RO          981    i.is_conn_params_ok  ble_conn_params.o
    0x0002a27c   0x00000014   Code   RO         1563    i.is_valid_irk      id_manager.o
    0x0002a290   0x0000000c   Code   RO         5034    i.is_word_aligned   fds.o
    0x0002a29c   0x00000030   Code   RO          544    i.leds_off          bsp.o
    0x0002a2cc   0x00000014   Code   RO          545    i.leds_timer_handler  bsp.o
    0x0002a2e0   0x00000014   Code   RO         1712    i.link_init         nrf_ble_gatt.o
    0x0002a2f4   0x000000d0   Code   RO         2801    i.link_secure       security_manager.o
    0x0002a3c4   0x0000003c   Code   RO         2662    i.link_secure_failure  security_dispatcher.o
    0x0002a400   0x0000002c   Code   RO         2802    i.link_secure_pending_handle  security_manager.o
    0x0002a42c   0x000000a8   Code   RO         1292    i.local_db_apply_in_evt  gatt_cache_manager.o
    0x0002a4d4   0x00000010   Code   RO         1293    i.local_db_update   gatt_cache_manager.o
    0x0002a4e4   0x0000010c   Code   RO         1294    i.local_db_update_in_evt  gatt_cache_manager.o
    0x0002a5f0   0x000000a4   Code   RO         6540    i.log_skip          nrf_log_frontend.o
    0x0002a694   0x000001f0   Code   RO            9    i.main              main.o
    0x0002a884   0x00000064   Code   RO          785    i.manuf_specific_data_encode  ble_advdata.o
    0x0002a8e8   0x0000007e   Code   RO         5955    i.memobj_op         nrf_memobj.o
    0x0002a966   0x00000002   PAD
    0x0002a968   0x00000030   Code   RO         6541    i.module_idx_get    nrf_log_frontend.o
    0x0002a998   0x00000008   Code   RO         2609    i.mutex_lock_status_get  pm_buffer.o
    0x0002a9a0   0x000000a6   Code   RO          786    i.name_encode       ble_advdata.o
    0x0002aa46   0x00000002   PAD
    0x0002aa48   0x00000014   Code   RO         2803    i.new_context_get   security_manager.o
    0x0002aa5c   0x00000032   Code   RO         2804    i.new_evt           security_manager.o
    0x0002aa8e   0x00000030   Code   RO         2117    i.next_id_get       peer_id.o
    0x0002aabe   0x00000010   Code   RO         5370    i.nrf_atfifo_clear  nrf_atfifo.o
    0x0002aace   0x00000026   Code   RO         5372    i.nrf_atfifo_init   nrf_atfifo.o
    0x0002aaf4   0x00000016   Code   RO         5373    i.nrf_atfifo_item_alloc  nrf_atfifo.o
    0x0002ab0a   0x00000016   Code   RO         5374    i.nrf_atfifo_item_free  nrf_atfifo.o
    0x0002ab20   0x00000016   Code   RO         5375    i.nrf_atfifo_item_get  nrf_atfifo.o
    0x0002ab36   0x00000016   Code   RO         5376    i.nrf_atfifo_item_put  nrf_atfifo.o
    0x0002ab4c   0x00000016   Code   RO         5438    i.nrf_atflags_clear  nrf_atflags.o
    0x0002ab62   0x00000020   Code   RO         5440    i.nrf_atflags_fetch_set  nrf_atflags.o
    0x0002ab82   0x0000004a   Code   RO         5442    i.nrf_atflags_find_and_set_flag  nrf_atflags.o
    0x0002abcc   0x00000016   Code   RO         5443    i.nrf_atflags_get   nrf_atflags.o
    0x0002abe2   0x00000014   Code   RO         5445    i.nrf_atflags_set   nrf_atflags.o
    0x0002abf6   0x00000006   Code   RO         5506    i.nrf_atomic_flag_clear_fetch  nrf_atomic.o
    0x0002abfc   0x00000006   Code   RO         5507    i.nrf_atomic_flag_set  nrf_atomic.o
    0x0002ac02   0x00000006   Code   RO         5508    i.nrf_atomic_flag_set_fetch  nrf_atomic.o
    0x0002ac08   0x0000000c   Code   RO         5509    i.nrf_atomic_u32_add  nrf_atomic.o
    0x0002ac14   0x0000000c   Code   RO         5510    i.nrf_atomic_u32_and  nrf_atomic.o
    0x0002ac20   0x0000000a   Code   RO         5512    i.nrf_atomic_u32_fetch_add  nrf_atomic.o
    0x0002ac2a   0x0000000a   Code   RO         5513    i.nrf_atomic_u32_fetch_and  nrf_atomic.o
    0x0002ac34   0x0000000a   Code   RO         5514    i.nrf_atomic_u32_fetch_or  nrf_atomic.o
    0x0002ac3e   0x0000000a   Code   RO         5515    i.nrf_atomic_u32_fetch_store  nrf_atomic.o
    0x0002ac48   0x0000000c   Code   RO         5519    i.nrf_atomic_u32_or  nrf_atomic.o
    0x0002ac54   0x0000000c   Code   RO         5521    i.nrf_atomic_u32_sub  nrf_atomic.o
    0x0002ac60   0x00000044   Code   RO         5640    i.nrf_balloc_alloc  nrf_balloc.o
    0x0002aca4   0x00000030   Code   RO         5641    i.nrf_balloc_free   nrf_balloc.o
    0x0002acd4   0x00000030   Code   RO         5642    i.nrf_balloc_init   nrf_balloc.o
    0x0002ad04   0x00000010   Code   RO         3460    i.nrf_bitmask_bit_is_set  nrfx_gpiote.o
    0x0002ad14   0x00000022   Code   RO         1718    i.nrf_ble_gatt_init  nrf_ble_gatt.o
    0x0002ad36   0x00000002   PAD
    0x0002ad38   0x00000150   Code   RO         1719    i.nrf_ble_gatt_on_ble_evt  nrf_ble_gatt.o
    0x0002ae88   0x00000016   Code   RO         1813    i.nrf_ble_qwr_conn_handle_assign  nrf_ble_qwr.o
    0x0002ae9e   0x00000024   Code   RO         1814    i.nrf_ble_qwr_init  nrf_ble_qwr.o
    0x0002aec2   0x000000b6   Code   RO         1815    i.nrf_ble_qwr_on_ble_evt  nrf_ble_qwr.o
    0x0002af78   0x0000000e   Code   RO         3318    i.nrf_clock_event_check  nrfx_clock.o
    0x0002af86   0x00000010   Code   RO         3319    i.nrf_clock_event_clear  nrfx_clock.o
    0x0002af96   0x00000002   PAD
    0x0002af98   0x00000040   Code   RO         2980    i.nrf_drv_clock_init  nrf_drv_clock.o
    0x0002afd8   0x00000034   Code   RO         2984    i.nrf_drv_clock_lfclk_release  nrf_drv_clock.o
    0x0002b00c   0x00000070   Code   RO         4163    i.nrf_drv_spi_init  nrf_drv_spi.o
    0x0002b07c   0x00000068   Code   RO         3126    i.nrf_drv_uart_init  nrf_drv_uart.o
    0x0002b0e4   0x0000001a   Code   RO         5677    i.nrf_fprintf       nrf_fprintf.o
    0x0002b0fe   0x00000018   Code   RO         5678    i.nrf_fprintf_buffer_flush  nrf_fprintf.o
    0x0002b116   0x000001da   Code   RO         5718    i.nrf_fprintf_fmt   nrf_fprintf_format.o
    0x0002b2f0   0x00000138   Code   RO         5758    i.nrf_fstorage_erase  nrf_fstorage.o
    0x0002b428   0x00000094   Code   RO         5759    i.nrf_fstorage_init  nrf_fstorage.o
    0x0002b4bc   0x00000018   Code   RO         5847    i.nrf_fstorage_sdh_req_handler  nrf_fstorage_sd.o
    0x0002b4d4   0x00000020   Code   RO         5848    i.nrf_fstorage_sdh_state_handler  nrf_fstorage_sd.o
    0x0002b4f4   0x000000a4   Code   RO         5849    i.nrf_fstorage_sys_evt_handler  nrf_fstorage_sd.o
    0x0002b598   0x000001dc   Code   RO         5765    i.nrf_fstorage_write  nrf_fstorage.o
    0x0002b774   0x00000024   Code   RO          431    i.nrf_gpio_cfg      boards.o
    0x0002b798   0x00000024   Code   RO         3461    i.nrf_gpio_cfg      nrfx_gpiote.o
    0x0002b7bc   0x00000024   Code   RO         3816    i.nrf_gpio_cfg      nrfx_uart.o
    0x0002b7e0   0x00000024   Code   RO         4005    i.nrf_gpio_cfg      nrfx_uarte.o
    0x0002b804   0x00000024   Code   RO         4226    i.nrf_gpio_cfg      nrfx_spim.o
    0x0002b828   0x00000012   Code   RO         3817    i.nrf_gpio_cfg_default  nrfx_uart.o
    0x0002b83a   0x00000012   Code   RO         4006    i.nrf_gpio_cfg_default  nrfx_uarte.o
    0x0002b84c   0x00000012   Code   RO         3818    i.nrf_gpio_cfg_input  nrfx_uart.o
    0x0002b85e   0x00000012   Code   RO         4007    i.nrf_gpio_cfg_input  nrfx_uarte.o
    0x0002b870   0x00000014   Code   RO         3819    i.nrf_gpio_cfg_output  nrfx_uart.o
    0x0002b884   0x00000014   Code   RO         4008    i.nrf_gpio_cfg_output  nrfx_uarte.o
    0x0002b898   0x00000014   Code   RO         4227    i.nrf_gpio_cfg_output  nrfx_spim.o
    0x0002b8ac   0x00000022   Code   RO         3463    i.nrf_gpio_cfg_sense_set  nrfx_gpiote.o
    0x0002b8ce   0x00000002   PAD
    0x0002b8d0   0x0000002c   Code   RO         3464    i.nrf_gpio_latches_read_and_clear  nrfx_gpiote.o
    0x0002b8fc   0x0000000e   Code   RO         4228    i.nrf_gpio_pin_clear  nrfx_spim.o
    0x0002b90a   0x0000001e   Code   RO         3465    i.nrf_gpio_pin_present_check  nrfx_gpiote.o
    0x0002b928   0x0000000e   Code   RO         4229    i.nrf_gpio_pin_set  nrfx_spim.o
    0x0002b936   0x00000016   Code   RO          432    i.nrf_gpio_pin_write  boards.o
    0x0002b94c   0x00000014   Code   RO         3466    i.nrf_gpiote_event_clear  nrfx_gpiote.o
    0x0002b960   0x00000010   Code   RO         3467    i.nrf_gpiote_event_is_set  nrfx_gpiote.o
    0x0002b970   0x0000005c   Code   RO         6542    i.nrf_log_backend_add  nrf_log_frontend.o
    0x0002b9cc   0x00000002   Code   RO         6319    i.nrf_log_backend_rtt_flush  nrf_log_backend_rtt.o
    0x0002b9ce   0x00000004   Code   RO         6320    i.nrf_log_backend_rtt_init  nrf_log_backend_rtt.o
    0x0002b9d2   0x00000002   Code   RO         6321    i.nrf_log_backend_rtt_panic_set  nrf_log_backend_rtt.o
    0x0002b9d4   0x00000018   Code   RO         6322    i.nrf_log_backend_rtt_put  nrf_log_backend_rtt.o
    0x0002b9ec   0x000000c8   Code   RO         6388    i.nrf_log_backend_serial_put  nrf_log_backend_serial.o
    0x0002bab4   0x00000002   Code   RO         6422    i.nrf_log_backend_uart_flush  nrf_log_backend_uart.o
    0x0002bab6   0x00000006   Code   RO         6423    i.nrf_log_backend_uart_init  nrf_log_backend_uart.o
    0x0002babc   0x0000002c   Code   RO         6424    i.nrf_log_backend_uart_panic_set  nrf_log_backend_uart.o
    0x0002bae8   0x00000018   Code   RO         6425    i.nrf_log_backend_uart_put  nrf_log_backend_uart.o
    0x0002bb00   0x00000030   Code   RO         6544    i.nrf_log_color_id_get  nrf_log_frontend.o
    0x0002bb30   0x00000034   Code   RO         6495    i.nrf_log_default_backends_init  nrf_log_default_backends.o
    0x0002bb64   0x00000238   Code   RO         6545    i.nrf_log_frontend_dequeue  nrf_log_frontend.o
    0x0002bd9c   0x00000008   Code   RO         6547    i.nrf_log_frontend_std_0  nrf_log_frontend.o
    0x0002bda4   0x0000000e   Code   RO         6548    i.nrf_log_frontend_std_1  nrf_log_frontend.o
    0x0002bdb2   0x00000010   Code   RO         6549    i.nrf_log_frontend_std_2  nrf_log_frontend.o
    0x0002bdc2   0x00000012   Code   RO         6550    i.nrf_log_frontend_std_3  nrf_log_frontend.o
    0x0002bdd4   0x00000014   Code   RO         6551    i.nrf_log_frontend_std_4  nrf_log_frontend.o
    0x0002bde8   0x000000b0   Code   RO         6723    i.nrf_log_hexdump_entry_process  nrf_log_str_formatter.o
    0x0002be98   0x00000028   Code   RO         6554    i.nrf_log_init      nrf_log_frontend.o
    0x0002bec0   0x00000014   Code   RO         6555    i.nrf_log_module_cnt_get  nrf_log_frontend.o
    0x0002bed4   0x0000001c   Code   RO         6558    i.nrf_log_module_name_get  nrf_log_frontend.o
    0x0002bef0   0x00000028   Code   RO         6559    i.nrf_log_panic     nrf_log_frontend.o
    0x0002bf18   0x000000b6   Code   RO         6724    i.nrf_log_std_entry_process  nrf_log_str_formatter.o
    0x0002bfce   0x00000060   Code   RO         5956    i.nrf_memobj_alloc  nrf_memobj.o
    0x0002c02e   0x00000032   Code   RO         5957    i.nrf_memobj_free   nrf_memobj.o
    0x0002c060   0x00000008   Code   RO         5958    i.nrf_memobj_get    nrf_memobj.o
    0x0002c068   0x00000004   Code   RO         5959    i.nrf_memobj_pool_init  nrf_memobj.o
    0x0002c06c   0x0000001e   Code   RO         5960    i.nrf_memobj_put    nrf_memobj.o
    0x0002c08a   0x00000010   Code   RO         5961    i.nrf_memobj_read   nrf_memobj.o
    0x0002c09a   0x00000010   Code   RO         5962    i.nrf_memobj_write  nrf_memobj.o
    0x0002c0aa   0x00000002   PAD
    0x0002c0ac   0x00000028   Code   RO         6034    i.nrf_pwr_mgmt_init  nrf_pwr_mgmt.o
    0x0002c0d4   0x00000044   Code   RO         6035    i.nrf_pwr_mgmt_run  nrf_pwr_mgmt.o
    0x0002c118   0x00000004   Code   RO           10    i.nrf_qwr_error_handler  main.o
    0x0002c11c   0x0000001c   Code   RO         6108    i.nrf_ringbuf_init  nrf_ringbuf.o
    0x0002c138   0x0000000c   Code   RO         4853    i.nrf_rtc_event_clear  drv_rtc.o
    0x0002c144   0x00000014   Code   RO         7251    i.nrf_sdh_ble_app_ram_start_get  nrf_sdh_ble.o
    0x0002c158   0x00000100   Code   RO         7252    i.nrf_sdh_ble_default_cfg_set  nrf_sdh_ble.o
    0x0002c258   0x00000130   Code   RO         7253    i.nrf_sdh_ble_enable  nrf_sdh_ble.o
    0x0002c388   0x0000005c   Code   RO         7254    i.nrf_sdh_ble_evts_poll  nrf_sdh_ble.o
    0x0002c3e4   0x00000054   Code   RO         7132    i.nrf_sdh_disable_request  nrf_sdh.o
    0x0002c438   0x00000074   Code   RO         7133    i.nrf_sdh_enable_request  nrf_sdh.o
    0x0002c4ac   0x00000024   Code   RO         7134    i.nrf_sdh_evts_poll  nrf_sdh.o
    0x0002c4d0   0x0000000c   Code   RO         7135    i.nrf_sdh_is_enabled  nrf_sdh.o
    0x0002c4dc   0x0000001c   Code   RO         7137    i.nrf_sdh_request_continue  nrf_sdh.o
    0x0002c4f8   0x0000003c   Code   RO         7305    i.nrf_sdh_soc_evts_poll  nrf_sdh_soc.o
    0x0002c534   0x0000000a   Code   RO         6166    i.nrf_section_iter_init  nrf_section_iter.o
    0x0002c53e   0x00000024   Code   RO         6167    i.nrf_section_iter_item_set  nrf_section_iter.o
    0x0002c562   0x00000020   Code   RO         6168    i.nrf_section_iter_next  nrf_section_iter.o
    0x0002c582   0x00000022   Code   RO         6201    i.nrf_sortlist_add  nrf_sortlist.o
    0x0002c5a4   0x00000006   Code   RO         6203    i.nrf_sortlist_peek  nrf_sortlist.o
    0x0002c5aa   0x0000000e   Code   RO         6204    i.nrf_sortlist_pop  nrf_sortlist.o
    0x0002c5b8   0x0000001e   Code   RO         6205    i.nrf_sortlist_remove  nrf_sortlist.o
    0x0002c5d6   0x0000000a   Code   RO         4230    i.nrf_spim_event_check  nrfx_spim.o
    0x0002c5e0   0x00000038   Code   RO         6257    i.nrf_strerror_find  nrf_strerror.o
    0x0002c618   0x00000014   Code   RO         6258    i.nrf_strerror_get  nrf_strerror.o
    0x0002c62c   0x0000000a   Code   RO         3820    i.nrf_uart_event_check  nrfx_uart.o
    0x0002c636   0x0000000c   Code   RO         3821    i.nrf_uart_event_clear  nrfx_uart.o
    0x0002c642   0x0000000c   Code   RO         3822    i.nrf_uart_int_enable_check  nrfx_uart.o
    0x0002c64e   0x0000000a   Code   RO         4009    i.nrf_uarte_event_check  nrfx_uarte.o
    0x0002c658   0x0000000c   Code   RO         4010    i.nrf_uarte_event_clear  nrfx_uarte.o
    0x0002c664   0x00000010   Code   RO         2987    i.nrf_wdt_started   nrf_drv_clock.o
    0x0002c674   0x0000002c   Code   RO         3324    i.nrfx_clock_enable  nrfx_clock.o
    0x0002c6a0   0x00000020   Code   RO         3327    i.nrfx_clock_init   nrfx_clock.o
    0x0002c6c0   0x00000030   Code   RO         3330    i.nrfx_clock_lfclk_stop  nrfx_clock.o
    0x0002c6f0   0x00000010   Code   RO         4854    i.nrfx_coredep_delay_us  drv_rtc.o
    0x0002c700   0x000000a0   Code   RO         3473    i.nrfx_gpiote_in_event_enable  nrfx_gpiote.o
    0x0002c7a0   0x000000cc   Code   RO         3475    i.nrfx_gpiote_in_init  nrfx_gpiote.o
    0x0002c86c   0x00000014   Code   RO         3476    i.nrfx_gpiote_in_is_set  nrfx_gpiote.o
    0x0002c880   0x00000074   Code   RO         3478    i.nrfx_gpiote_init  nrfx_gpiote.o
    0x0002c8f4   0x00000014   Code   RO         3479    i.nrfx_gpiote_is_init  nrfx_gpiote.o
    0x0002c908   0x00000010   Code   RO         4011    i.nrfx_is_in_ram    nrfx_uarte.o
    0x0002c918   0x0000003a   Code   RO         3762    i.nrfx_prs_acquire  nrfx_prs.o
    0x0002c952   0x00000012   Code   RO         3763    i.nrfx_prs_release  nrfx_prs.o
    0x0002c964   0x0000016c   Code   RO         4234    i.nrfx_spim_init    nrfx_spim.o
    0x0002cad0   0x00000010   Code   RO         3823    i.nrfx_uart_0_irq_handler  nrfx_uart.o
    0x0002cae0   0x000000d4   Code   RO         3825    i.nrfx_uart_init    nrfx_uart.o
    0x0002cbb4   0x000000a8   Code   RO         3831    i.nrfx_uart_tx      nrfx_uart.o
    0x0002cc5c   0x00000020   Code   RO         3833    i.nrfx_uart_tx_in_progress  nrfx_uart.o
    0x0002cc7c   0x000000c0   Code   RO         3834    i.nrfx_uart_uninit  nrfx_uart.o
    0x0002cd3c   0x00000010   Code   RO         4012    i.nrfx_uarte_0_irq_handler  nrfx_uarte.o
    0x0002cd4c   0x0000006c   Code   RO         4014    i.nrfx_uarte_init   nrfx_uarte.o
    0x0002cdb8   0x000000ac   Code   RO         4018    i.nrfx_uarte_tx     nrfx_uarte.o
    0x0002ce64   0x0000001c   Code   RO         4020    i.nrfx_uarte_tx_in_progress  nrfx_uarte.o
    0x0002ce80   0x00000108   Code   RO         4021    i.nrfx_uarte_uninit  nrfx_uarte.o
    0x0002cf88   0x00000054   Code   RO           11    i.on_adv_evt        main.o
    0x0002cfdc   0x0000001c   Code   RO           12    i.on_conn_params_evt  main.o
    0x0002cff8   0x000000a8   Code   RO         1720    i.on_connected_evt  nrf_ble_gatt.o
    0x0002d0a0   0x000000ac   Code   RO         1721    i.on_exchange_mtu_request_evt  nrf_ble_gatt.o
    0x0002d14c   0x00000024   Code   RO         5035    i.page_identify     fds.o
    0x0002d170   0x0000001c   Code   RO         5036    i.page_offsets_update  fds.o
    0x0002d18c   0x0000006c   Code   RO         5037    i.page_scan         fds.o
    0x0002d1f8   0x0000001c   Code   RO         5038    i.page_tag_write_data  fds.o
    0x0002d214   0x00000024   Code   RO         5039    i.page_tag_write_swap  fds.o
    0x0002d238   0x00000130   Code   RO         5040    i.pages_init        fds.o
    0x0002d368   0x0000000c   Code   RO         2663    i.pairing           security_dispatcher.o
    0x0002d374   0x00000074   Code   RO         2664    i.pairing_failure   security_dispatcher.o
    0x0002d3e8   0x0000002e   Code   RO         2665    i.pairing_success_evt_send  security_dispatcher.o
    0x0002d416   0x00000006   Code   RO         2805    i.params_reply_pending_handle  security_manager.o
    0x0002d41c   0x00000020   Code   RO         2806    i.params_req_send   security_manager.o
    0x0002d43c   0x0000001c   Code   RO         1997    i.pdb_evt_send      peer_database.o
    0x0002d458   0x00000090   Code   RO         1998    i.pdb_init          peer_database.o
    0x0002d4e8   0x0000007c   Code   RO         1999    i.pdb_pds_evt_handler  peer_database.o
    0x0002d564   0x00000006   Code   RO         2000    i.pdb_peer_data_ptr_get  peer_database.o
    0x0002d56a   0x00000002   PAD
    0x0002d56c   0x0000008c   Code   RO         2001    i.pdb_peer_free     peer_database.o
    0x0002d5f8   0x000000dc   Code   RO         2002    i.pdb_write_buf_get  peer_database.o
    0x0002d6d4   0x00000014   Code   RO         2003    i.pdb_write_buf_release  peer_database.o
    0x0002d6e8   0x00000036   Code   RO         2004    i.pdb_write_buf_store  peer_database.o
    0x0002d71e   0x00000002   PAD
    0x0002d720   0x00000010   Code   RO         1856    i.pds_evt_send      peer_data_storage.o
    0x0002d730   0x000000dc   Code   RO         1857    i.pds_init          peer_data_storage.o
    0x0002d80c   0x00000004   Code   RO         1858    i.pds_next_deleted_peer_id_get  peer_data_storage.o
    0x0002d810   0x00000004   Code   RO         1859    i.pds_next_peer_id_get  peer_data_storage.o
    0x0002d814   0x00000058   Code   RO         1862    i.pds_peer_data_iterate  peer_data_storage.o
    0x0002d86c   0x00000010   Code   RO         1863    i.pds_peer_data_iterate_prepare  peer_data_storage.o
    0x0002d87c   0x00000072   Code   RO         1864    i.pds_peer_data_read  peer_data_storage.o
    0x0002d8ee   0x00000002   PAD
    0x0002d8f0   0x000000b4   Code   RO         1865    i.pds_peer_data_store  peer_data_storage.o
    0x0002d9a4   0x00000008   Code   RO         1866    i.pds_peer_id_allocate  peer_data_storage.o
    0x0002d9ac   0x00000016   Code   RO         1867    i.pds_peer_id_free  peer_data_storage.o
    0x0002d9c2   0x00000004   Code   RO         1868    i.pds_peer_id_is_allocated  peer_data_storage.o
    0x0002d9c6   0x00000002   PAD
    0x0002d9c8   0x000000a8   Code   RO         1870    i.peer_data_delete_process  peer_data_storage.o
    0x0002da70   0x00000030   Code   RO         1871    i.peer_data_find    peer_data_storage.o
    0x0002daa0   0x00000024   Code   RO         1872    i.peer_data_id_is_valid  peer_data_storage.o
    0x0002dac4   0x0000001a   Code   RO         2005    i.peer_data_point_to_buffer  peer_database.o
    0x0002dade   0x00000002   PAD
    0x0002dae0   0x0000000c   Code   RO         2118    i.peer_id_allocate  peer_id.o
    0x0002daec   0x00000024   Code   RO         2119    i.peer_id_delete    peer_id.o
    0x0002db10   0x0000001c   Code   RO         2120    i.peer_id_free      peer_id.o
    0x0002db2c   0x0000000c   Code   RO         2121    i.peer_id_get_next_deleted  peer_id.o
    0x0002db38   0x00000030   Code   RO         2122    i.peer_id_get_next_used  peer_id.o
    0x0002db68   0x0000000c   Code   RO         2123    i.peer_id_init      peer_id.o
    0x0002db74   0x00000014   Code   RO         2124    i.peer_id_is_allocated  peer_id.o
    0x0002db88   0x00000014   Code   RO         2125    i.peer_id_is_deleted  peer_id.o
    0x0002db9c   0x0000006c   Code   RO           13    i.peer_manager_init  main.o
    0x0002dc08   0x00000012   Code   RO          894    i.phy_is_valid      ble_advertising.o
    0x0002dc1a   0x00000002   PAD
    0x0002dc1c   0x0000001c   Code   RO         3497    i.pin_configured_set  nrfx_gpiote.o
    0x0002dc38   0x00000018   Code   RO         3498    i.pin_in_use_by_port  nrfx_gpiote.o
    0x0002dc50   0x00000018   Code   RO         3499    i.pin_in_use_by_te  nrfx_gpiote.o
    0x0002dc68   0x00000064   Code   RO         2610    i.pm_buffer_block_acquire  pm_buffer.o
    0x0002dccc   0x00000024   Code   RO         2611    i.pm_buffer_init    pm_buffer.o
    0x0002dcf0   0x00000028   Code   RO         2612    i.pm_buffer_ptr_get  pm_buffer.o
    0x0002dd18   0x00000032   Code   RO         2613    i.pm_buffer_release  pm_buffer.o
    0x0002dd4a   0x00000002   PAD
    0x0002dd4c   0x00000014   Code   RO         2212    i.pm_conn_sec_status_get  peer_manager.o
    0x0002dd60   0x0000001c   Code   RO         2213    i.pm_conn_secure    peer_manager.o
    0x0002dd7c   0x00000020   Code   RO           14    i.pm_evt_handler    main.o
    0x0002dd9c   0x00000004   Code   RO         2215    i.pm_gcm_evt_handler  peer_manager.o
    0x0002dda0   0x00000004   Code   RO         2216    i.pm_gscm_evt_handler  peer_manager.o
    0x0002dda4   0x00000244   Code   RO         2516    i.pm_handler_flash_clean  peer_manager_handler.o
    0x0002dfe8   0x0000001c   Code   RO         2517    i.pm_handler_flash_clean_on_return  peer_manager_handler.o
    0x0002e004   0x00000054   Code   RO         2518    i.pm_handler_on_pm_evt  peer_manager_handler.o
    0x0002e058   0x00000310   Code   RO         2519    i.pm_handler_pm_evt_log  peer_manager_handler.o
    0x0002e368   0x00000004   Code   RO         2219    i.pm_im_evt_handler  peer_manager.o
    0x0002e36c   0x000001bc   Code   RO         2220    i.pm_init           peer_manager.o
    0x0002e528   0x00000118   Code   RO         2224    i.pm_pdb_evt_handler  peer_manager.o
    0x0002e640   0x00000014   Code   RO         2235    i.pm_peer_delete    peer_manager.o
    0x0002e654   0x0000011c   Code   RO         2239    i.pm_peer_rank_highest  peer_manager.o
    0x0002e770   0x000000e8   Code   RO         2240    i.pm_peer_ranks_get  peer_manager.o
    0x0002e858   0x00000094   Code   RO         2241    i.pm_peers_delete   peer_manager.o
    0x0002e8ec   0x0000002c   Code   RO         2244    i.pm_register       peer_manager.o
    0x0002e918   0x00000014   Code   RO         2246    i.pm_sec_params_set  peer_manager.o
    0x0002e92c   0x0000000a   Code   RO         2247    i.pm_sm_evt_handler  peer_manager.o
    0x0002e936   0x00000002   PAD
    0x0002e938   0x000000b4   Code   RO         3500    i.port_event_handle  nrfx_gpiote.o
    0x0002e9ec   0x00000010   Code   RO         3501    i.port_handler_polarity_get  nrfx_gpiote.o
    0x0002e9fc   0x0000003c   Code   RO         6726    i.postfix_process   nrf_log_str_formatter.o
    0x0002ea38   0x00000098   Code   RO         6727    i.prefix_process    nrf_log_str_formatter.o
    0x0002ead0   0x00000018   Code   RO         3764    i.prs_box_get       nrfx_prs.o
    0x0002eae8   0x0000001c   Code   RO         5041    i.queue_buf_get     fds.o
    0x0002eb04   0x00000010   Code   RO         5042    i.queue_buf_store   fds.o
    0x0002eb14   0x00000014   Code   RO         5850    i.queue_free        nrf_fstorage_sd.o
    0x0002eb28   0x000000a4   Code   RO         5043    i.queue_process     fds.o
    0x0002ebcc   0x000000a0   Code   RO         5851    i.queue_process     nrf_fstorage_sd.o
    0x0002ec6c   0x0000001c   Code   RO         5044    i.queue_start       fds.o
    0x0002ec88   0x00000024   Code   RO         5852    i.queue_start       nrf_fstorage_sd.o
    0x0002ecac   0x0000001c   Code   RO         2522    i.rank_highest      peer_manager_handler.o
    0x0002ecc8   0x00000034   Code   RO         2250    i.rank_vars_update  peer_manager.o
    0x0002ecfc   0x0000000e   Code   RO         5853    i.read              nrf_fstorage_sd.o
    0x0002ed0a   0x00000002   PAD
    0x0002ed0c   0x000000ac   Code   RO         2006    i.reattempt_previous_operations  peer_database.o
    0x0002edb8   0x00000090   Code   RO         5045    i.record_find       fds.o
    0x0002ee48   0x000000a0   Code   RO         5046    i.record_find_by_desc  fds.o
    0x0002eee8   0x0000005c   Code   RO         5047    i.record_find_next  fds.o
    0x0002ef44   0x0000003c   Code   RO         5048    i.record_header_flag_dirty  fds.o
    0x0002ef80   0x00000088   Code   RO         5049    i.records_stat      fds.o
    0x0002f008   0x00000010   Code   RO         2127    i.release           peer_id.o
    0x0002f018   0x00000004   Code   RO         5854    i.rmap              nrf_fstorage_sd.o
    0x0002f01c   0x0000005c   Code   RO         4606    i.rtc_irq           app_timer2.o
    0x0002f078   0x00000064   Code   RO         4607    i.rtc_schedule      app_timer2.o
    0x0002f0dc   0x00000074   Code   RO         4608    i.rtc_update        app_timer2.o
    0x0002f150   0x00000032   Code   RO         3835    i.rx_byte           nrfx_uart.o
    0x0002f182   0x00000016   Code   RO         3836    i.rx_done_event     nrfx_uart.o
    0x0002f198   0x00000016   Code   RO         4022    i.rx_done_event     nrfx_uarte.o
    0x0002f1ae   0x00000002   PAD
    0x0002f1b0   0x00000024   Code   RO         1295    i.sc_send_pending_handle  gatt_cache_manager.o
    0x0002f1d4   0x00000058   Code   RO         2988    i.sd_state_evt_handler  nrf_drv_clock.o
    0x0002f22c   0x00000030   Code   RO         7140    i.sdh_request_observer_notify  nrf_sdh.o
    0x0002f25c   0x0000002c   Code   RO         7141    i.sdh_state_observer_notify  nrf_sdh.o
    0x0002f288   0x000000d8   Code   RO         2666    i.sec_info_request_process  security_dispatcher.o
    0x0002f360   0x000000f4   Code   RO         2667    i.sec_keyset_fill   security_dispatcher.o
    0x0002f454   0x00000076   Code   RO         2807    i.sec_params_verify  security_manager.o
    0x0002f4ca   0x00000002   PAD
    0x0002f4cc   0x00000060   Code   RO         2668    i.sec_proc_start    security_dispatcher.o
    0x0002f52c   0x0000005c   Code   RO         2808    i.sec_req_process   security_manager.o
    0x0002f588   0x00000022   Code   RO         2669    i.send_config_req   security_dispatcher.o
    0x0002f5aa   0x00000002   PAD
    0x0002f5ac   0x00000010   Code   RO          982    i.send_error_evt    ble_conn_params.o
    0x0002f5bc   0x00000028   Code   RO         1296    i.send_unexpected_error  gatt_cache_manager.o
    0x0002f5e4   0x00000028   Code   RO         2670    i.send_unexpected_error  security_dispatcher.o
    0x0002f60c   0x00000050   Code   RO         6323    i.serial_tx         nrf_log_backend_rtt.o
    0x0002f65c   0x00000040   Code   RO         6426    i.serial_tx         nrf_log_backend_uart.o
    0x0002f69c   0x00000014   Code   RO         1297    i.service_changed_pending_flags_check  gatt_cache_manager.o
    0x0002f6b0   0x00000094   Code   RO         1456    i.service_changed_pending_set  gatts_cache_manager.o
    0x0002f744   0x00000168   Code   RO         1298    i.service_changed_send_in_evt  gatt_cache_manager.o
    0x0002f8ac   0x00000088   Code   RO          787    i.service_data_encode  ble_advdata.o
    0x0002f934   0x00000028   Code   RO           15    i.sleep_mode_enter  main.o
    0x0002f95c   0x0000002c   Code   RO         2809    i.sm_ble_evt_handler  security_manager.o
    0x0002f988   0x000000a2   Code   RO         2811    i.sm_conn_sec_status_get  security_manager.o
    0x0002fa2a   0x00000002   PAD
    0x0002fa2c   0x00000058   Code   RO         2812    i.sm_init           security_manager.o
    0x0002fa84   0x0000000a   Code   RO         2814    i.sm_link_secure    security_manager.o
    0x0002fa8e   0x00000002   PAD
    0x0002fa90   0x00000044   Code   RO         2815    i.sm_pdb_evt_handler  security_manager.o
    0x0002fad4   0x00000028   Code   RO         2816    i.sm_sec_is_sufficient  security_manager.o
    0x0002fafc   0x00000034   Code   RO         2818    i.sm_sec_params_set  security_manager.o
    0x0002fb30   0x0000002c   Code   RO         2819    i.sm_smd_evt_handler  security_manager.o
    0x0002fb5c   0x000000f4   Code   RO         2671    i.smd_ble_evt_handler  security_dispatcher.o
    0x0002fc50   0x00000068   Code   RO         2673    i.smd_init          security_dispatcher.o
    0x0002fcb8   0x00000028   Code   RO         2674    i.smd_link_secure   security_dispatcher.o
    0x0002fce0   0x000000ac   Code   RO         2675    i.smd_params_reply  security_dispatcher.o
    0x0002fd8c   0x00000040   Code   RO         2820    i.smd_params_reply_perform  security_manager.o
    0x0002fdcc   0x00000018   Code   RO         2989    i.soc_evt_handler   nrf_drv_clock.o
    0x0002fde4   0x00000040   Code   RO         7142    i.softdevice_evt_irq_disable  nrf_sdh.o
    0x0002fe24   0x00000058   Code   RO         7143    i.softdevices_evt_irq_enable  nrf_sdh.o
    0x0002fe7c   0x0000000c   Code   RO         4609    i.sortlist_pop      app_timer2.o
    0x0002fe88   0x0000000c   Code   RO         7345    i.spi_event_handler  spi.o
    0x0002fe94   0x00000038   Code   RO         4164    i.spim_evt_handler  nrf_drv_spi.o
    0x0002fecc   0x00000030   Code   RO         4350    i.state_set         app_button.o
    0x0002fefc   0x00000094   Code   RO         6561    i.std_n             nrf_log_frontend.o
    0x0002ff90   0x0000006c   Code   RO         1299    i.store_car_value   gatt_cache_manager.o
    0x0002fffc   0x00000058   Code   RO         4610    i.timer_expire      app_timer2.o
    0x00030054   0x00000078   Code   RO         4611    i.timer_req_process  app_timer2.o
    0x000300cc   0x00000038   Code   RO         4612    i.timer_req_schedule  app_timer2.o
    0x00030104   0x00000018   Code   RO         4351    i.timer_start       app_button.o
    0x0003011c   0x00000020   Code   RO         3838    i.tx_byte           nrfx_uart.o
    0x0003013c   0x0000001a   Code   RO         3839    i.tx_done_event     nrfx_uart.o
    0x00030156   0x0000001a   Code   RO         4023    i.tx_done_event     nrfx_uarte.o
    0x00030170   0x00000030   Code   RO         3127    i.uart_evt_handler  nrf_drv_uart.o
    0x000301a0   0x0000000c   Code   RO         6427    i.uart_evt_handler  nrf_log_backend_uart.o
    0x000301ac   0x00000050   Code   RO         6428    i.uart_init         nrf_log_backend_uart.o
    0x000301fc   0x0000012a   Code   RO         3840    i.uart_irq_handler  nrfx_uart.o
    0x00030326   0x00000002   PAD
    0x00030328   0x00000030   Code   RO         3128    i.uarte_evt_handler  nrf_drv_uart.o
    0x00030358   0x00000112   Code   RO         4024    i.uarte_irq_handler  nrfx_uarte.o
    0x0003046a   0x0000000a   Code   RO          788    i.uint16_encode     ble_advdata.o
    0x00030474   0x00000020   Code   RO         5855    i.uninit            nrf_fstorage_sd.o
    0x00030494   0x000000b4   Code   RO         5719    i.unsigned_print    nrf_fprintf_format.o
    0x00030548   0x00000030   Code   RO         1300    i.update_pending_flags_check  gatt_cache_manager.o
    0x00030578   0x00000068   Code   RO          983    i.update_timeout_handler  ble_conn_params.o
    0x000305e0   0x00000018   Code   RO          895    i.use_whitelist     ble_advertising.o
    0x000305f8   0x0000000c   Code   RO         1070    i.user_flag_is_acquired  ble_conn_state.o
    0x00030604   0x00000024   Code   RO         1816    i.user_mem_reply    nrf_ble_qwr.o
    0x00030628   0x00000044   Code   RO         7346    i.user_spi_init     spi.o
    0x0003066c   0x00000020   Code   RO         4352    i.usr_event         app_button.o
    0x0003068c   0x00000030   Code   RO          789    i.uuid_list_encode  ble_advdata.o
    0x000306bc   0x0000009e   Code   RO          790    i.uuid_list_sized_encode  ble_advdata.o
    0x0003075a   0x0000003a   Code   RO          546    i.wakeup_button_cfg  bsp.o
    0x00030794   0x00000004   Code   RO         5856    i.wmap              nrf_fstorage_sd.o
    0x00030798   0x00000050   Code   RO         5857    i.write             nrf_fstorage_sd.o
    0x000307e8   0x0000014c   Code   RO         2007    i.write_buf_store   peer_database.o
    0x00030934   0x00000034   Code   RO         2008    i.write_buffer_record_find  peer_database.o
    0x00030968   0x00000030   Code   RO         2009    i.write_buffer_record_find_next  peer_database.o
    0x00030998   0x0000001c   Code   RO         2010    i.write_buffer_record_invalidate  peer_database.o
    0x000309b4   0x0000002c   Code   RO         2011    i.write_buffer_record_release  peer_database.o
    0x000309e0   0x000000f4   Code   RO         5050    i.write_enqueue     fds.o
    0x00030ad4   0x000000f8   Code   RO         5051    i.write_execute     fds.o
    0x00030bcc   0x00000018   Code   RO         5052    i.write_space_free  fds.o
    0x00030be4   0x00000060   Code   RO         5053    i.write_space_reserve  fds.o
    0x00030c44   0x00000008   Data   RO          433    .constdata          boards.o
    0x00030c4c   0x0000002c   Data   RO          551    .constdata          bsp.o
    0x00030c78   0x0000006c   Data   RO         1301    .constdata          gatt_cache_manager.o
    0x00030ce4   0x00000004   Data   RO         1457    .constdata          gatts_cache_manager.o
    0x00030ce8   0x00000010   Data   RO         1458    .constdata          gatts_cache_manager.o
    0x00030cf8   0x00000004   Data   RO         1459    .constdata          gatts_cache_manager.o
    0x00030cfc   0x00000008   Data   RO         1566    .constdata          id_manager.o
    0x00030d04   0x00000016   Data   RO         1722    .constdata          nrf_ble_gatt.o
    0x00030d1a   0x00000002   PAD
    0x00030d1c   0x00000018   Data   RO         1873    .constdata          peer_data_storage.o
    0x00030d34   0x00000010   Data   RO         2013    .constdata          peer_database.o
    0x00030d44   0x0000002c   Data   RO         2252    .constdata          peer_manager.o
    0x00030d70   0x00000014   Data   RO         2525    .constdata          peer_manager_handler.o
    0x00030d84   0x00000078   Data   RO         2677    .constdata          security_dispatcher.o
    0x00030dfc   0x00000008   Data   RO         2821    .constdata          security_manager.o
    0x00030e04   0x00000004   Data   RO         3503    .constdata          nrfx_gpiote.o
    0x00030e08   0x00000004   Data   RO         3843    .constdata          nrfx_uart.o
    0x00030e0c   0x00000004   Data   RO         4027    .constdata          nrfx_uarte.o
    0x00030e10   0x00000010   Data   RO         4166    .constdata          nrf_drv_spi.o
    0x00030e20   0x00000004   Data   RO         4241    .constdata          nrfx_spim.o
    0x00030e24   0x00000008   Data   RO         4355    .constdata          app_button.o
    0x00030e2c   0x00000014   Data   RO         4615    .constdata          app_timer2.o
    0x00030e40   0x00000006   Data   RO         4855    .constdata          drv_rtc.o
    0x00030e46   0x00000002   PAD
    0x00030e48   0x00000018   Data   RO         5056    .constdata          fds.o
    0x00030e60   0x00000010   Data   RO         5720    .constdata          nrf_fprintf_format.o
    0x00030e70   0x0000005e   Data   RO         5766    .constdata          nrf_fstorage.o
    0x00030ece   0x00000002   PAD
    0x00030ed0   0x00000010   Data   RO         5860    .constdata          nrf_fstorage_sd.o
    0x00030ee0   0x00000020   Data   RO         5861    .constdata          nrf_fstorage_sd.o
    0x00030f00   0x00000018   Data   RO         6039    .constdata          nrf_pwr_mgmt.o
    0x00030f18   0x0000000c   Data   RO         6040    .constdata          nrf_pwr_mgmt.o
    0x00030f24   0x0000013c   Data   RO         6259    .constdata          nrf_strerror.o
    0x00031060   0x0000000c   Data   RO         6325    .constdata          nrf_log_backend_rtt.o
    0x0003106c   0x00000004   PAD
    0x00031070   0x00000006   Data   RO         6326    .constdata          nrf_log_backend_rtt.o
    0x00031076   0x00000002   PAD
    0x00031078   0x0000000c   Data   RO         6430    .constdata          nrf_log_backend_uart.o
    0x00031084   0x00000020   Data   RO         6431    .constdata          nrf_log_backend_uart.o
    0x000310a4   0x0000000c   Data   RO         6566    .constdata          nrf_log_frontend.o
    0x000310b0   0x00000010   Data   RO         7144    .constdata          nrf_sdh.o
    0x000310c0   0x00000028   Data   RO         7145    .constdata          nrf_sdh.o
    0x000310e8   0x00000010   Data   RO         7146    .constdata          nrf_sdh.o
    0x000310f8   0x00000010   Data   RO         7147    .constdata          nrf_sdh.o
    0x00031108   0x00000020   Data   RO         7255    .constdata          nrf_sdh_ble.o
    0x00031128   0x00000010   Data   RO         7256    .constdata          nrf_sdh_ble.o
    0x00031138   0x00000010   Data   RO         7306    .constdata          nrf_sdh_soc.o
    0x00031148   0x0000000c   Data   RO         7307    .constdata          nrf_sdh_soc.o
    0x00031154   0x00000020   Data   RO         7349    .constdata          spi.o
    0x00031174   0x00000081   Data   RO         7480    .constdata          mc_w.l(ctype_o.o)
    0x000311f5   0x00000003   PAD
    0x000311f8   0x00000004   Data   RO         7481    .constdata          mc_w.l(ctype_o.o)
    0x000311fc   0x000001a4   Data   RO         1302    .conststring        gatt_cache_manager.o
    0x000313a0   0x0000019c   Data   RO         1460    .conststring        gatts_cache_manager.o
    0x0003153c   0x000000a2   Data   RO         1723    .conststring        nrf_ble_gatt.o
    0x000315de   0x00000002   PAD
    0x000315e0   0x000000e8   Data   RO         1874    .conststring        peer_data_storage.o
    0x000316c8   0x00000180   Data   RO         2014    .conststring        peer_database.o
    0x00031848   0x00000090   Data   RO         2253    .conststring        peer_manager.o
    0x000318d8   0x0000030f   Data   RO         2526    .conststring        peer_manager_handler.o
    0x00031be7   0x00000001   PAD
    0x00031be8   0x000002b2   Data   RO         2678    .conststring        security_dispatcher.o
    0x00031e9a   0x00000002   PAD
    0x00031e9c   0x0000017b   Data   RO         2822    .conststring        security_manager.o
    0x00032017   0x00000001   PAD
    0x00032018   0x0000004f   Data   RO         5767    .conststring        nrf_fstorage.o
    0x00032067   0x00000001   PAD
    0x00032068   0x000003eb   Data   RO         6260    .conststring        nrf_strerror.o
    0x00032453   0x00000001   PAD
    0x00032454   0x00000066   Data   RO         6728    .conststring        nrf_log_str_formatter.o
    0x000324ba   0x00000002   PAD
    0x000324bc   0x00000188   Data   RO         7257    .conststring        nrf_sdh_ble.o
    0x00032644   0x00000011   Data   RO         1303    .conststrlit        gatt_cache_manager.o
    0x00032655   0x00000003   PAD
    0x00032658   0x00000012   Data   RO         1461    .conststrlit        gatts_cache_manager.o
    0x0003266a   0x00000002   PAD
    0x0003266c   0x00000010   Data   RO         1568    .conststrlit        id_manager.o
    0x0003267c   0x0000000d   Data   RO         1724    .conststrlit        nrf_ble_gatt.o
    0x00032689   0x00000003   PAD
    0x0003268c   0x00000011   Data   RO         1875    .conststrlit        peer_data_storage.o
    0x0003269d   0x00000003   PAD
    0x000326a0   0x00000011   Data   RO         2015    .conststrlit        peer_database.o
    0x000326b1   0x00000003   PAD
    0x000326b4   0x0000000d   Data   RO         2254    .conststrlit        peer_manager.o
    0x000326c1   0x00000003   PAD
    0x000326c4   0x00000015   Data   RO         2529    .conststrlit        peer_manager_handler.o
    0x000326d9   0x00000003   PAD
    0x000326dc   0x00000011   Data   RO         2679    .conststrlit        security_dispatcher.o
    0x000326ed   0x00000003   PAD
    0x000326f0   0x00000010   Data   RO         2823    .conststrlit        security_manager.o
    0x00032700   0x00000006   Data   RO         2995    .conststrlit        nrf_drv_clock.o
    0x00032706   0x00000002   PAD
    0x00032708   0x00000006   Data   RO         3334    .conststrlit        nrfx_clock.o
    0x0003270e   0x00000002   PAD
    0x00032710   0x00000007   Data   RO         3507    .conststrlit        nrfx_gpiote.o
    0x00032717   0x00000001   PAD
    0x00032718   0x00000004   Data   RO         3766    .conststrlit        nrfx_prs.o
    0x0003271c   0x00000005   Data   RO         3846    .conststrlit        nrfx_uart.o
    0x00032721   0x00000003   PAD
    0x00032724   0x00000006   Data   RO         4030    .conststrlit        nrfx_uarte.o
    0x0003272a   0x00000002   PAD
    0x0003272c   0x00000005   Data   RO         4244    .conststrlit        nrfx_spim.o
    0x00032731   0x00000003   PAD
    0x00032734   0x0000000b   Data   RO         4356    .conststrlit        app_button.o
    0x0003273f   0x00000001   PAD
    0x00032740   0x0000000a   Data   RO         4616    .conststrlit        app_timer2.o
    0x0003274a   0x00000002   PAD
    0x0003274c   0x0000000d   Data   RO         5768    .conststrlit        nrf_fstorage.o
    0x00032759   0x00000003   PAD
    0x0003275c   0x00000009   Data   RO         6041    .conststrlit        nrf_pwr_mgmt.o
    0x00032765   0x00000003   PAD
    0x00032768   0x00000009   Data   RO         6206    .conststrlit        nrf_sortlist.o
    0x00032771   0x00000003   PAD
    0x00032774   0x00000021   Data   RO         6496    .conststrlit        nrf_log_default_backends.o
    0x00032795   0x00000003   PAD
    0x00032798   0x00000004   Data   RO         6567    .conststrlit        nrf_log_frontend.o
    0x0003279c   0x00000008   Data   RO         7148    .conststrlit        nrf_sdh.o
    0x000327a4   0x0000000c   Data   RO         7258    .conststrlit        nrf_sdh_ble.o
    0x000327b0   0x0000000c   Data   RO         7308    .conststrlit        nrf_sdh_soc.o
    0x000327bc   0x00000020   Data   RO         7541    Region$$Table       anon$$obj.o
    0x000327dc   0x00000020   Data   RO         6499    log_backends        nrf_log_default_backends.o
    0x000327fc   0x00000008   Data   RO         1305    log_const_data      gatt_cache_manager.o
    0x00032804   0x00000008   Data   RO         1463    log_const_data      gatts_cache_manager.o
    0x0003280c   0x00000008   Data   RO         1570    log_const_data      id_manager.o
    0x00032814   0x00000008   Data   RO         1725    log_const_data      nrf_ble_gatt.o
    0x0003281c   0x00000008   Data   RO         1877    log_const_data      peer_data_storage.o
    0x00032824   0x00000008   Data   RO         2017    log_const_data      peer_database.o
    0x0003282c   0x00000008   Data   RO         2256    log_const_data      peer_manager.o
    0x00032834   0x00000008   Data   RO         2532    log_const_data      peer_manager_handler.o
    0x0003283c   0x00000008   Data   RO         2681    log_const_data      security_dispatcher.o
    0x00032844   0x00000008   Data   RO         2825    log_const_data      security_manager.o
    0x0003284c   0x00000008   Data   RO         2996    log_const_data      nrf_drv_clock.o
    0x00032854   0x00000008   Data   RO         3336    log_const_data      nrfx_clock.o
    0x0003285c   0x00000008   Data   RO         3508    log_const_data      nrfx_gpiote.o
    0x00032864   0x00000008   Data   RO         3768    log_const_data      nrfx_prs.o
    0x0003286c   0x00000008   Data   RO         3847    log_const_data      nrfx_uart.o
    0x00032874   0x00000008   Data   RO         4031    log_const_data      nrfx_uarte.o
    0x0003287c   0x00000008   Data   RO         4245    log_const_data      nrfx_spim.o
    0x00032884   0x00000008   Data   RO         4358    log_const_data      app_button.o
    0x0003288c   0x00000008   Data   RO         4619    log_const_data      app_timer2.o
    0x00032894   0x00000008   Data   RO         5769    log_const_data      nrf_fstorage.o
    0x0003289c   0x00000008   Data   RO         6043    log_const_data      nrf_pwr_mgmt.o
    0x000328a4   0x00000008   Data   RO         6207    log_const_data      nrf_sortlist.o
    0x000328ac   0x00000008   Data   RO         6571    log_const_data      nrf_log_frontend.o
    0x000328b4   0x00000008   Data   RO         7150    log_const_data      nrf_sdh.o
    0x000328bc   0x00000008   Data   RO         7260    log_const_data      nrf_sdh_ble.o
    0x000328c4   0x00000008   Data   RO         7309    log_const_data      nrf_sdh_soc.o
    0x000328cc   0x00000014   Data   RO         6572    nrf_balloc          nrf_log_frontend.o
    0x000328e0   0x00000008   Data   RO         1072    sdh_ble_observers0  ble_conn_state.o
    0x000328e8   0x00000010   Data   RO           18    sdh_ble_observers1  main.o
    0x000328f8   0x00000008   Data   RO          654    sdh_ble_observers1  bsp_btn_ble.o
    0x00032900   0x00000008   Data   RO          986    sdh_ble_observers1  ble_conn_params.o
    0x00032908   0x00000008   Data   RO         2257    sdh_ble_observers1  peer_manager.o
    0x00032910   0x00000008   Data   RO           19    sdh_ble_observers2  main.o
    0x00032918   0x00000008   Data   RO           20    sdh_ble_observers3  main.o
    0x00032920   0x00000008   Data   RO         5863    sdh_req_observers0  nrf_fstorage_sd.o
    0x00032928   0x00000008   Data   RO         2997    sdh_soc_observers0  nrf_drv_clock.o
    0x00032930   0x00000008   Data   RO         5864    sdh_soc_observers0  nrf_fstorage_sd.o
    0x00032938   0x00000008   Data   RO         7261    sdh_stack_observers0  nrf_sdh_ble.o
    0x00032940   0x00000008   Data   RO         7310    sdh_stack_observers0  nrf_sdh_soc.o
    0x00032948   0x00000008   Data   RO         2998    sdh_state_observers0  nrf_drv_clock.o
    0x00032950   0x00000008   Data   RO         5865    sdh_state_observers0  nrf_fstorage_sd.o


    Execution Region RW_IRAM1 (Base: 0x20002250, Size: 0x00003678, Max: 0x0000ddb0, ABSOLUTE, COMPRESSED[0x0000009c])

    Base Addr    Size         Type   Attr      Idx    E Section Name        Object

    0x20002250   0x00000006   Data   RW           17    .data               main.o
    0x20002256   0x00000002   PAD
    0x20002258   0x00000010   Data   RW          552    .data               bsp.o
    0x20002268   0x00000008   Data   RW          653    .data               bsp_btn_ble.o
    0x20002270   0x00000008   Data   RW          985    .data               ble_conn_params.o
    0x20002278   0x00000010   Data   RW         1304    .data               gatt_cache_manager.o
    0x20002288   0x0000000c   Data   RW         1462    .data               gatts_cache_manager.o
    0x20002294   0x0000000c   Data   RW         1876    .data               peer_data_storage.o
    0x200022a0   0x00000008   Data   RW         2016    .data               peer_database.o
    0x200022a8   0x00000010   Data   RW         2255    .data               peer_manager.o
    0x200022b8   0x00000060   Data   RW         2530    .data               peer_manager_handler.o
    0x20002318   0x00000005   Data   RW         2680    .data               security_dispatcher.o
    0x2000231d   0x00000003   PAD
    0x20002320   0x00000015   Data   RW         2824    .data               security_manager.o
    0x20002335   0x00000003   PAD
    0x20002338   0x0000000c   Data   RW         3129    .data               nrf_drv_uart.o
    0x20002344   0x00000008   Data   RW         3335    .data               nrfx_clock.o
    0x2000234c   0x00000008   Data   RW         3767    .data               nrfx_prs.o
    0x20002354   0x00000004   PAD
    0x20002358   0x00000018   Data   RW         4357    .data               app_button.o
    0x20002370   0x00000020   Data   RW         4617    .data               app_timer2.o
    0x20002390   0x00000004   Data   RW         4618    .data               app_timer2.o
    0x20002394   0x0000000c   Data   RW         4856    .data               drv_rtc.o
    0x200023a0   0x00000030   Data   RW         5057    .data               fds.o
    0x200023d0   0x00000008   Data   RW         5862    .data               nrf_fstorage_sd.o
    0x200023d8   0x00000008   Data   RW         6042    .data               nrf_pwr_mgmt.o
    0x200023e0   0x00000001   Data   RW         6327    .data               nrf_log_backend_rtt.o
    0x200023e1   0x00000003   PAD
    0x200023e4   0x00000018   Data   RW         6432    .data               nrf_log_backend_uart.o
    0x200023fc   0x00000008   Data   RW         6497    .data               nrf_log_default_backends.o
    0x20002404   0x00000008   Data   RW         6498    .data               nrf_log_default_backends.o
    0x2000240c   0x00000004   Data   RW         6568    .data               nrf_log_frontend.o
    0x20002410   0x00000008   Data   RW         6569    .data               nrf_log_frontend.o
    0x20002418   0x00000008   Data   RW         6570    .data               nrf_log_frontend.o
    0x20002420   0x00000040   Data   RW         6729    .data               nrf_log_str_formatter.o
    0x20002460   0x00000003   Data   RW         7149    .data               nrf_sdh.o
    0x20002463   0x00000001   Data   RW         7259    .data               nrf_sdh_ble.o
    0x20002464   0x00000001   Data   RW         7350    .data               spi.o
    0x20002465   0x00000003   PAD
    0x20002468   0x00000004   Data   RW         7421    .data               system_nrf52.o
    0x2000246c   0x00000014   Data   RW         5058    fs_data             fds.o
    0x20002480   0x00000454   Zero   RW           16    .bss                main.o
    0x200028d4   0x00000004   PAD
    0x200028d8   0x00000020   Zero   RW          547    .bss                bsp.o
    0x200028f8   0x00000020   Zero   RW          548    .bss                bsp.o
    0x20002918   0x0000000c   Zero   RW          549    .bss                bsp.o
    0x20002924   0x00000004   PAD
    0x20002928   0x00000020   Zero   RW          550    .bss                bsp.o
    0x20002948   0x00000050   Zero   RW          984    .bss                ble_conn_params.o
    0x20002998   0x0000007c   Zero   RW         1071    .bss                ble_conn_state.o
    0x20002a14   0x000000d8   Zero   RW         1565    .bss                id_manager.o
    0x20002aec   0x00000180   Zero   RW         2012    .bss                peer_database.o
    0x20002c6c   0x00000040   Zero   RW         2128    .bss                peer_id.o
    0x20002cac   0x0000000c   Zero   RW         2251    .bss                peer_manager.o
    0x20002cb8   0x00000040   Zero   RW         2676    .bss                security_dispatcher.o
    0x20002cf8   0x00000014   Zero   RW         2990    .bss                nrf_drv_clock.o
    0x20002d0c   0x0000005c   Zero   RW         3502    .bss                nrfx_gpiote.o
    0x20002d68   0x0000002c   Zero   RW         3841    .bss                nrfx_uart.o
    0x20002d94   0x00000024   Zero   RW         4025    .bss                nrfx_uarte.o
    0x20002db8   0x00000018   Zero   RW         4165    .bss                nrf_drv_spi.o
    0x20002dd0   0x00000024   Zero   RW         4239    .bss                nrfx_spim.o
    0x20002df4   0x00000004   PAD
    0x20002df8   0x00000020   Zero   RW         4353    .bss                app_button.o
    0x20002e18   0x00000010   Zero   RW         4354    .bss                app_button.o
    0x20002e28   0x00000010   Zero   RW         4613    .bss                app_timer2.o
    0x20002e38   0x00000058   Zero   RW         4614    .bss                app_timer2.o
    0x20002e90   0x0000000c   Zero   RW         4743    .bss                app_util_platform.o
    0x20002e9c   0x00000010   Zero   RW         5054    .bss                fds.o
    0x20002eac   0x000000e0   Zero   RW         5055    .bss                fds.o
    0x20002f8c   0x00000010   Zero   RW         5858    .bss                nrf_fstorage_sd.o
    0x20002f9c   0x000000a0   Zero   RW         5859    .bss                nrf_fstorage_sd.o
    0x2000303c   0x0000000c   Zero   RW         6038    .bss                nrf_pwr_mgmt.o
    0x20003048   0x00000040   Zero   RW         6324    .bss                nrf_log_backend_rtt.o
    0x20003088   0x00000040   Zero   RW         6429    .bss                nrf_log_backend_uart.o
    0x200030c8   0x000000c0   Zero   RW         6562    .bss                nrf_log_frontend.o
    0x20003188   0x00000080   Zero   RW         6563    .bss                nrf_log_frontend.o
    0x20003208   0x00000018   Zero   RW         6564    .bss                nrf_log_frontend.o
    0x20003220   0x00000420   Zero   RW         6565    .bss                nrf_log_frontend.o
    0x20003640   0x00000288   Zero   RW         6805    .bss                segger_rtt.o
    0x200038c8   0x00002000   Zero   RW         7409    STACK               arm_startup_nrf52.o


==============================================================================

Image component sizes


      Code (inc. data)   RO Data    RW Data    ZI Data      Debug   Object Name

       664         68         27         24         48      17410   app_button.o
        22          0          0          0          0       2445   app_error.o
       132         46          0          0          0      33997   app_error_weak.o
         0          0          0          0          0      37122   app_scheduler.o
       846         88         38         36        104      16157   app_timer2.o
       124         14          0          0         12      10458   app_util_platform.o
        36          8        512          0       8192        900   arm_startup_nrf52.o
      1338          0          0          0          0      53024   ble_advdata.o
      1076          6          0          0          0      10767   ble_advertising.o
       636         44          8          8         80       9055   ble_conn_params.o
       772         62          8          0        124      15201   ble_conn_state.o
         8          0          0          0          0       1406   ble_srv_common.o
       358         40          8          0          0      14007   boards.o
       998         84         44         16        108      15527   bsp.o
       252         10          8          8          0       4648   bsp_btn_ble.o
       704         76          6         12          0      48041   drv_rtc.o
      3864        348         24         68        240      49402   fds.o
      2152        552        553         16          0      33183   gatt_cache_manager.o
       686         84        462         12          0      16247   gatts_cache_manager.o
       946         34         32          0        216      16592   id_manager.o
      1132        196         32          6       1108     195018   main.o
       342          0          0          0          0       6506   nrf_atfifo.o
       170          0          0          0          0       4644   nrf_atflags.o
       332          0          0          0          0       9798   nrf_atomic.o
       164          0          0          0          0       3528   nrf_balloc.o
       922        272        205          0          0      36883   nrf_ble_gatt.o
       276          0          0          0          0       4573   nrf_ble_qwr.o
       312         36         30          0         20      43264   nrf_drv_clock.o
       168         18         16          0         24      13683   nrf_drv_spi.o
       200         26          0         12          0      17564   nrf_drv_uart.o
        50          0          0          0          0       3421   nrf_fprintf.o
       866          4         16          0          0       6418   nrf_fprintf_format.o
       972        432        194          0          0       7796   nrf_fstorage.o
       798         82         72          8        176      15539   nrf_fstorage_sd.o
       112         18         18          1         64       5901   nrf_log_backend_rtt.o
       200          0          0          0          0      10801   nrf_log_backend_serial.o
       232         44         44         24         64      15606   nrf_log_backend_uart.o
        52          6         65         16          0       3381   nrf_log_default_backends.o
      1516        128         44         20       1400      30856   nrf_log_frontend.o
       570        108        102         64          0       5496   nrf_log_str_formatter.o
       346          0          0          0          0       9331   nrf_memobj.o
       108         16         53          8         12      39806   nrf_pwr_mgmt.o
        28          0          0          0          0       2287   nrf_ringbuf.o
       560         60        104          3          0      44820   nrf_sdh.o
       672        232        468          1          0       5709   nrf_sdh_ble.o
        60          4         56          0          0       2392   nrf_sdh_soc.o
        78          0          0          0          0       2676   nrf_section_iter.o
        84          0         17          0          0       3953   nrf_sortlist.o
        76         10       1319          0          0       2639   nrf_strerror.o
       242         32         14          8          0      46656   nrfx_clock.o
      1268        106         19          0         92      65021   nrfx_gpiote.o
       112         16         12          8          0       4340   nrfx_prs.o
       542         16         17          0         36      17689   nrfx_spim.o
      1310         42         17          0         44      29913   nrfx_uart.o
      1312         42         18          0         36      25423   nrfx_uarte.o
      1172        144        281         12          0      17770   peer_data_storage.o
      1438        262        425          8        384      18986   peer_database.o
       314         38          0          0         64       8823   peer_id.o
      1678        454        217         16         12      19351   peer_manager.o
      1824        842        832         96          0       9136   peer_manager_handler.o
       234          0          0          0          0       5291   pm_buffer.o
      1944        268        835          5         64      26335   security_dispatcher.o
      1372        122        411         21          0      53794   security_manager.o
       378         34          0          0        648       8761   segger_rtt.o
        80         14         32          1          0       5508   spi.o
       808         72          0          4          0      13427   system_nrf52.o

    ----------------------------------------------------------------------
     43114       5760       7820        560      13384    1336102   Object Totals
         0          0         32          0          0          0   (incl. Generated)
        74          0         73         18         12          0   (incl. Padding)

    ----------------------------------------------------------------------

      Code (inc. data)   RO Data    RW Data    ZI Data      Debug   Library Member Name

        86          0          0          0          0          0   __dczerorl2.o
         8          4        133          0          0         68   ctype_o.o
         0          0          0          0          0          0   entry.o
         0          0          0          0          0          0   entry10a.o
         0          0          0          0          0          0   entry11a.o
         8          4          0          0          0          0   entry2.o
         4          0          0          0          0          0   entry5.o
         0          0          0          0          0          0   entry7b.o
         0          0          0          0          0          0   entry8b.o
         8          4          0          0          0          0   entry9a.o
        30          0          0          0          0          0   handlers.o
        36          8          0          0          0         68   init.o
        30          0          0          0          0         68   llshl.o
        32          0          0          0          0         68   llushr.o
        26          0          0          0          0         80   memcmp.o
        36          0          0          0          0         68   memcpya.o
        36          0          0          0          0        108   memseta.o
        18          0          0          0          0         68   strcpy.o
        14          0          0          0          0         68   strlen.o
        98          0          0          0          0         92   uldiv.o

    ----------------------------------------------------------------------
       474         20        136          0          0        756   Library Totals
         4          0          3          0          0          0   (incl. Padding)

    ----------------------------------------------------------------------

      Code (inc. data)   RO Data    RW Data    ZI Data      Debug   Library Name

       470         20        133          0          0        756   mc_w.l

    ----------------------------------------------------------------------
       474         20        136          0          0        756   Library Totals

    ----------------------------------------------------------------------

==============================================================================


      Code (inc. data)   RO Data    RW Data    ZI Data      Debug   

     43588       5780       7956        560      13384    1281982   Grand Totals
     43588       5780       7956        156      13384    1281982   ELF Image Totals (compressed)
     43588       5780       7956        156          0          0   ROM Totals

==============================================================================

    Total RO  Size (Code + RO Data)                51544 (  50.34kB)
    Total RW  Size (RW Data + ZI Data)             13944 (  13.62kB)
    Total ROM Size (Code + RO Data + RW Data)      51700 (  50.49kB)

==============================================================================

